Component: ARM Compiler 5.06 update 7 (build 960) Tool: armlink [4d3601]

==============================================================================

Section Cross References

    startup_stm32h723xx.o(RESET) refers to startup_stm32h723xx.o(STACK) for __initial_sp
    startup_stm32h723xx.o(RESET) refers to startup_stm32h723xx.o(.text) for Reset_Handler
    startup_stm32h723xx.o(RESET) refers to stm32h7xx_it.o(i.NMI_Handler) for NMI_Handler
    startup_stm32h723xx.o(RESET) refers to stm32h7xx_it.o(i.HardFault_Handler) for HardFault_Handler
    startup_stm32h723xx.o(RESET) refers to stm32h7xx_it.o(i.MemManage_Handler) for MemManage_Handler
    startup_stm32h723xx.o(RESET) refers to stm32h7xx_it.o(i.BusFault_Handler) for BusFault_Handler
    startup_stm32h723xx.o(RESET) refers to stm32h7xx_it.o(i.UsageFault_Handler) for UsageFault_Handler
    startup_stm32h723xx.o(RESET) refers to port.o(.emb_text) for SVC_Handler
    startup_stm32h723xx.o(RESET) refers to stm32h7xx_it.o(i.DebugMon_Handler) for DebugMon_Handler
    startup_stm32h723xx.o(RESET) refers to port.o(i.SysTick_Handler) for SysTick_Handler
    startup_stm32h723xx.o(RESET) refers to stm32h7xx_it.o(i.DMA1_Stream0_IRQHandler) for DMA1_Stream0_IRQHandler
    startup_stm32h723xx.o(RESET) refers to stm32h7xx_it.o(i.FDCAN1_IT0_IRQHandler) for FDCAN1_IT0_IRQHandler
    startup_stm32h723xx.o(RESET) refers to stm32h7xx_it.o(i.FDCAN2_IT0_IRQHandler) for FDCAN2_IT0_IRQHandler
    startup_stm32h723xx.o(RESET) refers to stm32h7xx_it.o(i.FDCAN1_IT1_IRQHandler) for FDCAN1_IT1_IRQHandler
    startup_stm32h723xx.o(RESET) refers to stm32h7xx_it.o(i.FDCAN2_IT1_IRQHandler) for FDCAN2_IT1_IRQHandler
    startup_stm32h723xx.o(RESET) refers to stm32h7xx_it.o(i.USART1_IRQHandler) for USART1_IRQHandler
    startup_stm32h723xx.o(RESET) refers to stm32h7xx_it.o(i.USART2_IRQHandler) for USART2_IRQHandler
    startup_stm32h723xx.o(RESET) refers to stm32h7xx_it.o(i.USART3_IRQHandler) for USART3_IRQHandler
    startup_stm32h723xx.o(RESET) refers to stm32h7xx_it.o(i.OTG_HS_IRQHandler) for OTG_HS_IRQHandler
    startup_stm32h723xx.o(RESET) refers to stm32h7xx_it.o(i.UART7_IRQHandler) for UART7_IRQHandler
    startup_stm32h723xx.o(RESET) refers to stm32h7xx_it.o(i.USART10_IRQHandler) for USART10_IRQHandler
    startup_stm32h723xx.o(RESET) refers to stm32h7xx_it.o(i.FDCAN3_IT0_IRQHandler) for FDCAN3_IT0_IRQHandler
    startup_stm32h723xx.o(RESET) refers to stm32h7xx_it.o(i.FDCAN3_IT1_IRQHandler) for FDCAN3_IT1_IRQHandler
    startup_stm32h723xx.o(RESET) refers to stm32h7xx_it.o(i.TIM23_IRQHandler) for TIM23_IRQHandler
    startup_stm32h723xx.o(.text) refers to system_stm32h7xx.o(i.SystemInit) for SystemInit
    startup_stm32h723xx.o(.text) refers to entry.o(.ARM.Collect$$$$00000000) for __main
    vofa.o(i.vofa_demo) refers to sin.o(i.__hardfp_sin) for __hardfp_sin
    vofa.o(i.vofa_demo) refers to vofa.o(i.vofa_send_data) for vofa_send_data
    vofa.o(i.vofa_demo) refers to vofa.o(i.vofa_sendframetail) for vofa_sendframetail
    vofa.o(i.vofa_demo) refers to vofa.o(.data) for scnt
    vofa.o(i.vofa_send_data) refers to vofa.o(.data) for cnt
    vofa.o(i.vofa_send_data) refers to vofa.o(.bss) for send_buf
    vofa.o(i.vofa_sendframetail) refers to vofa.o(i.vofa_transmit) for vofa_transmit
    vofa.o(i.vofa_sendframetail) refers to vofa.o(.data) for cnt
    vofa.o(i.vofa_sendframetail) refers to vofa.o(.bss) for send_buf
    vofa.o(i.vofa_start) refers to vofa.o(i.vofa_demo) for vofa_demo
    vofa.o(i.vofa_transmit) refers to usbd_cdc_if.o(i.CDC_Transmit_HS) for CDC_Transmit_HS
    main.o(i.HAL_TIM_PeriodElapsedCallback) refers to stm32h7xx_hal.o(i.HAL_IncTick) for HAL_IncTick
    main.o(i.OSPI_W25Qxx_Test) refers to stm32h7xx_hal.o(i.HAL_GetTick) for HAL_GetTick
    main.o(i.OSPI_W25Qxx_Test) refers to w25q64.o(i.OSPI_W25Qxx_BlockErase_32K) for OSPI_W25Qxx_BlockErase_32K
    main.o(i.OSPI_W25Qxx_Test) refers to printfa.o(i.__0printf) for __2printf
    main.o(i.OSPI_W25Qxx_Test) refers to w25q64.o(i.OSPI_W25Qxx_WriteBuffer) for OSPI_W25Qxx_WriteBuffer
    main.o(i.OSPI_W25Qxx_Test) refers to w25q64.o(i.OSPI_W25Qxx_ReadBuffer) for OSPI_W25Qxx_ReadBuffer
    main.o(i.OSPI_W25Qxx_Test) refers to main.o(.data) for OSPI_Status
    main.o(i.OSPI_W25Qxx_Test) refers to main.o(.bss) for W25Qxx_WriteBuffer
    main.o(i.OSPI_W25Qxx_Test) refers to main.o(.conststring) for .conststring
    main.o(i.SystemClock_Config) refers to memseta.o(.text) for __aeabi_memclr4
    main.o(i.SystemClock_Config) refers to stm32h7xx_hal_pwr_ex.o(i.HAL_PWREx_ConfigSupply) for HAL_PWREx_ConfigSupply
    main.o(i.SystemClock_Config) refers to stm32h7xx_hal_rcc.o(i.HAL_RCC_OscConfig) for HAL_RCC_OscConfig
    main.o(i.SystemClock_Config) refers to main.o(i.Error_Handler) for Error_Handler
    main.o(i.SystemClock_Config) refers to stm32h7xx_hal_rcc.o(i.HAL_RCC_ClockConfig) for HAL_RCC_ClockConfig
    main.o(i.SystemClock_Config) refers to stm32h7xx_hal_rcc.o(i.HAL_RCC_MCOConfig) for HAL_RCC_MCOConfig
[...]
    vPortExitCritical                        0x080153a1   Thumb Code    56  port.o(i.vPortExitCritical)
    vPortFree                                0x080153dd   Thumb Code   150  heap_4.o(i.vPortFree)
    vPortSetupTimerInterrupt                 0x08015481   Thumb Code    36  port.o(i.vPortSetupTimerInterrupt)
    vPortValidateInterruptPriority           0x080154a9   Thumb Code   106  port.o(i.vPortValidateInterruptPriority)
    vQueueAddToRegistry                      0x08015521   Thumb Code    38  queue.o(i.vQueueAddToRegistry)
    vQueueWaitForMessageRestricted           0x0801554d   Thumb Code    74  queue.o(i.vQueueWaitForMessageRestricted)
    vTaskDelay                               0x08015599   Thumb Code    82  tasks.o(i.vTaskDelay)
    vTaskDelayUntil                          0x080155f5   Thumb Code   200  tasks.o(i.vTaskDelayUntil)
    vTaskInternalSetTimeOutState             0x080156c9   Thumb Code    14  tasks.o(i.vTaskInternalSetTimeOutState)
    vTaskMissedYield                         0x080156e1   Thumb Code     8  tasks.o(i.vTaskMissedYield)
    vTaskPlaceOnEventList                    0x080156ed   Thumb Code    52  tasks.o(i.vTaskPlaceOnEventList)
    vTaskPlaceOnEventListRestricted          0x08015725   Thumb Code    60  tasks.o(i.vTaskPlaceOnEventListRestricted)
    vTaskStartScheduler                      0x08015765   Thumb Code   156  tasks.o(i.vTaskStartScheduler)
    vTaskSuspendAll                          0x0801581d   Thumb Code    12  tasks.o(i.vTaskSuspendAll)
    vTaskSwitchContext                       0x0801582d   Thumb Code   118  tasks.o(i.vTaskSwitchContext)
    xPortStartScheduler                      0x080158f5   Thumb Code   330  port.o(i.xPortStartScheduler)
    xQueueGenericCreateStatic                0x08015a5d   Thumb Code   224  queue.o(i.xQueueGenericCreateStatic)
    xQueueGenericReset                       0x08015b3d   Thumb Code   146  queue.o(i.xQueueGenericReset)
    xQueueGenericSend                        0x08015bd5   Thumb Code   420  queue.o(i.xQueueGenericSend)
    xQueueGenericSendFromISR                 0x08015d7d   Thumb Code   252  queue.o(i.xQueueGenericSendFromISR)
    xQueueReceive                            0x08015e79   Thumb Code   356  queue.o(i.xQueueReceive)
    xTaskCheckForTimeOut                     0x08015fe1   Thumb Code   132  tasks.o(i.xTaskCheckForTimeOut)
    xTaskCreate                              0x0801606d   Thumb Code   100  tasks.o(i.xTaskCreate)
    xTaskCreateStatic                        0x080160d1   Thumb Code   186  tasks.o(i.xTaskCreateStatic)
    xTaskGetSchedulerState                   0x0801618d   Thumb Code    24  tasks.o(i.xTaskGetSchedulerState)
    xTaskGetTickCount                        0x080161ad   Thumb Code     6  tasks.o(i.xTaskGetTickCount)
    xTaskIncrementTick                       0x080161b9   Thumb Code   282  tasks.o(i.xTaskIncrementTick)
    xTaskPriorityDisinherit                  0x08016301   Thumb Code   188  tasks.o(i.xTaskPriorityDisinherit)
    xTaskRemoveFromEventList                 0x080163c9   Thumb Code   128  tasks.o(i.xTaskRemoveFromEventList)
    xTaskResumeAll                           0x08016461   Thumb Code   224  tasks.o(i.xTaskResumeAll)
    xTimerCreateTimerTask                    0x08016565   Thumb Code   100  timers.o(i.xTimerCreateTimerTask)
    xTimerGenericCommand                     0x080165dd   Thumb Code   128  timers.o(i.xTimerGenericCommand)
    UARTPrescTable                           0x080167b8   Data          24  stm32h7xx_hal_uart.o(.constdata)
    D1CorePrescTable                         0x080167e0   Data          16  system_stm32h7xx.o(.constdata)
    ascii_1206                               0x080167f0   Data        1140  lcd.o(.constdata)
    ascii_1608                               0x08016c64   Data        1520  lcd.o(.constdata)
    ascii_2412                               0x08017254   Data        4560  lcd.o(.constdata)
    ascii_3216                               0x08018424   Data        6080  lcd.o(.constdata)
    tfont12                                  0x08019be4   Data         104  lcd.o(.constdata)
    tfont16                                  0x08019c4c   Data         136  lcd.o(.constdata)
    tfont24                                  0x08019cd4   Data         296  lcd.o(.constdata)
    tfont32                                  0x08019dfc   Data         520  lcd.o(.constdata)
    gImage_1                                 0x0801a004   Data        3200  lcd_task.o(.constdata)
    __ctype_table                            0x0801ac9c   Data         129  ctype_o.o(.constdata)
    Region$$Table$$Base                      0x0801ad5c   Number         0  anon$$obj.o(Region$$Table)
    Region$$Table$$Limit                     0x0801ad7c   Number         0  anon$$obj.o(Region$$Table)
    defaultTaskHandle                        0x24000000   Data           4  freertos.o(.data)
    KeyTaskHandle                            0x24000004   Data           4  freertos.o(.data)
    LcdTaskHandle                            0x24000008   Data           4  freertos.o(.data)
    ImuTaskHandle                            0x2400000c   Data           4  freertos.o(.data)
    FunTestHandle                            0x24000010   Data           4  freertos.o(.data)
    GimbalTaskHandle                         0x24000014   Data           4  freertos.o(.data)
    HS_Desc                                  0x24000020   Data          32  usbd_desc.o(.data)
    USBD_HS_DeviceDesc                       0x24000040   Data          18  usbd_desc.o(.data)
    USBD_HS_BOSDesc                          0x24000054   Data          12  usbd_desc.o(.data)
    USBD_LangIDDesc                          0x24000060   Data           4  usbd_desc.o(.data)
    USBD_StringSerial                        0x24000064   Data          26  usbd_desc.o(.data)
    USBD_Interface_fops_HS                   0x24000080   Data          20  usbd_cdc_if.o(.data)
    uwTick                                   0x24000094   Data           4  stm32h7xx_hal.o(.data)
    uwTickPrio                               0x24000098   Data           4  stm32h7xx_hal.o(.data)
    uwTickFreq                               0x2400009c   Data           1  stm32h7xx_hal.o(.data)
    SystemCoreClock                          0x240000a0   Data           4  system_stm32h7xx.o(.data)
    SystemD2Clock                            0x240000a4   Data           4  system_stm32h7xx.o(.data)
    pxCurrentTCB                             0x240000a8   Data           4  tasks.o(.data)
    USBD_CDC                                 0x24000134   Data          56  usbd_cdc.o(.data)
    keyState                                 0x240001b4   Data           1  bsp_user_key.o(.data)
    overTick                                 0x240001b8   Data           4  bsp_user_key.o(.data)
    BMI088_ACCEL_SEN                         0x240001c0   Data           4  bmi088driver.o(.data)
    BMI088_GYRO_SEN                          0x240001c4   Data           4  bmi088driver.o(.data)
    vbus                                     0x24000208   Data           4  key_task.o(.data)
    adc_val                                  0x2400020c   Data           4  key_task.o(.data)
    out                                      0x24000214   Data           4  imu_task.o(.data)
    err                                      0x24000218   Data           4  imu_task.o(.data)
    err_l                                    0x2400021c   Data           4  imu_task.o(.data)
    err_ll                                   0x24000220   Data           4  imu_task.o(.data)
    u1Rx                                     0x24000224   Data           5  fun_test_task.o(.data)
    u1RxFlag                                 0x24000229   Data           1  fun_test_task.o(.data)
    u5Rx                                     0x2400022a   Data           5  fun_test_task.o(.data)
    u5RxFlag                                 0x2400022f   Data           1  fun_test_task.o(.data)
    u7Rx                                     0x24000230   Data           5  fun_test_task.o(.data)
    u7RxFlag                                 0x24000235   Data           1  fun_test_task.o(.data)
    u10Rx                                    0x24000236   Data           5  fun_test_task.o(.data)
    u10RxFlag                                0x2400023b   Data           1  fun_test_task.o(.data)
    tx_data                                  0x2400023c   Data           8  fun_test_task.o(.data)
    dbg_target_pitch                         0x24000298   Data           4  gimbal_task.o(.data)
    dbg_pitch_error                          0x2400029c   Data           4  gimbal_task.o(.data)
    dbg_pitch_speed_rpm                      0x240002a0   Data           4  gimbal_task.o(.data)
    dbg_imu_pitch_deg                        0x240002a4   Data           4  gimbal_task.o(.data)
    dbg_motor_pitch_deg                      0x240002a8   Data           4  gimbal_task.o(.data)
    dbg_yaw_speed_rpm                        0x240002ac   Data           4  gimbal_task.o(.data)
    twoKp                                    0x24000364   Data           4  mahonyahrs.o(.data)
    twoKi                                    0x24000368   Data           4  mahonyahrs.o(.data)
    integralFBx                              0x2400036c   Data           4  mahonyahrs.o(.data)
    integralFBy                              0x24000370   Data           4  mahonyahrs.o(.data)
    integralFBz                              0x24000374   Data           4  mahonyahrs.o(.data)
    KeyTaskBuffer                            0x2400037c   Data         512  freertos.o(.bss)
    KeyTaskControlBlock                      0x2400057c   Data          92  freertos.o(.bss)
    LcdTaskBuffer                            0x240005d8   Data        1024  freertos.o(.bss)
    LcdTaskControlBlock                      0x240009d8   Data          92  freertos.o(.bss)
    ImuTaskBuffer                            0x24000a34   Data        4096  freertos.o(.bss)
    ImuTaskControlBlock                      0x24001a34   Data          92  freertos.o(.bss)
    FunTestBuffer                            0x24001a90   Data         512  freertos.o(.bss)
    FunTestControlBlock                      0x24001c90   Data          92  freertos.o(.bss)
    GimbalTaskBuffer                         0x24001cec   Data        2048  freertos.o(.bss)
    GimbalTaskControlBlock                   0x240024ec   Data          92  freertos.o(.bss)
    hadc1                                    0x24002c00   Data         112  adc.o(.bss)
    hdma_adc1                                0x24002c70   Data         120  adc.o(.bss)
    hfdcan1                                  0x24002ce8   Data         160  fdcan.o(.bss)
    hfdcan2                                  0x24002d88   Data         160  fdcan.o(.bss)
    hfdcan3                                  0x24002e28   Data         160  fdcan.o(.bss)
    hospi2                                   0x24002ec8   Data          92  octospi.o(.bss)
    hspi1                                    0x24002f24   Data         136  spi.o(.bss)
    hspi2                                    0x24002fac   Data         136  spi.o(.bss)
    hspi6                                    0x24003034   Data         136  spi.o(.bss)
    htim1                                    0x240030bc   Data          76  tim.o(.bss)
    htim2                                    0x24003108   Data          76  tim.o(.bss)
    htim3                                    0x24003154   Data          76  tim.o(.bss)
    htim12                                   0x240031a0   Data          76  tim.o(.bss)
    huart7                                   0x240031ec   Data         148  usart.o(.bss)
    huart1                                   0x24003280   Data         148  usart.o(.bss)
    huart2                                   0x24003314   Data         148  usart.o(.bss)
    huart3                                   0x240033a8   Data         148  usart.o(.bss)
    huart10                                  0x2400343c   Data         148  usart.o(.bss)
    htim23                                   0x240034d0   Data          76  stm32h7xx_hal_timebase_tim.o(.bss)
    hUsbDeviceHS                             0x2400351c   Data         732  usb_device.o(.bss)
    USBD_StrDesc                             0x240037f8   Data         512  usbd_desc.o(.bss)
    UserRxBufferHS                           0x240039f8   Data        2048  usbd_cdc_if.o(.bss)
    UserTxBufferHS                           0x240041f8   Data        2048  usbd_cdc_if.o(.bss)
    hpcd_USB_OTG_HS                          0x240049f8   Data        1292  usbd_conf.o(.bss)
    xQueueRegistry                           0x24005124   Data          64  queue.o(.bss)
    gyro                                     0x24008f6c   Data          12  imu_task.o(.bss)
    acc                                      0x24008f78   Data          12  imu_task.o(.bss)
    imuQuat                                  0x24008f84   Data          16  imu_task.o(.bss)
    imuAngle                                 0x24008f94   Data          12  imu_task.o(.bss)
    __initial_sp                             0x24009930   Data           0  startup_stm32h723xx.o(STACK)



==============================================================================

Memory Map of the image

  Image Entry point : 0x080002cd

  Load Region LR_IROM1 (Base: 0x08000000, Size: 0x0001b0f8, Max: 0x00100000, ABSOLUTE, COMPRESSED[0x0001aed4])

    Execution Region ER_IROM1 (Exec base: 0x08000000, Load base: 0x08000000, Size: 0x0001ad7c, Max: 0x00100000, ABSOLUTE)

    Exec Addr    Load Addr    Size         Type   Attr      Idx    E Section Name        Object

    0x08000000   0x08000000   0x000002cc   Data   RO            3    RESET               startup_stm32h723xx.o
    0x080002cc   0x080002cc   0x00000000   Code   RO        11455  * .ARM.Collect$$$$00000000  mc_w.l(entry.o)
    0x080002cc   0x080002cc   0x00000004   Code   RO        11821    .ARM.Collect$$$$00000001  mc_w.l(entry2.o)
    0x080002d0   0x080002d0   0x00000004   Code   RO        11824    .ARM.Collect$$$$00000004  mc_w.l(entry5.o)
    0x080002d4   0x080002d4   0x00000000   Code   RO        11826    .ARM.Collect$$$$00000008  mc_w.l(entry7b.o)
    0x080002d4   0x080002d4   0x00000000   Code   RO        11828    .ARM.Collect$$$$0000000A  mc_w.l(entry8b.o)
    0x080002d4   0x080002d4   0x00000008   Code   RO        11829    .ARM.Collect$$$$0000000B  mc_w.l(entry9a.o)
    0x080002dc   0x080002dc   0x00000004   Code   RO        11836    .ARM.Collect$$$$0000000E  mc_w.l(entry12b.o)
    0x080002e0   0x080002e0   0x00000000   Code   RO        11831    .ARM.Collect$$$$0000000F  mc_w.l(entry10a.o)
    0x080002e0   0x080002e0   0x00000000   Code   RO        11833    .ARM.Collect$$$$00000011  mc_w.l(entry11a.o)
    0x080002e0   0x080002e0   0x00000004   Code   RO        11822    .ARM.Collect$$$$00002712  mc_w.l(entry2.o)
    0x080002e4   0x080002e4   0x000000be   Code   RO         9539    .emb_text           port.o
    0x080003a2   0x080003a2   0x00000002   PAD
    0x080003a4   0x080003a4   0x00000024   Code   RO            4    .text               startup_stm32h723xx.o
    0x080003c8   0x080003c8   0x00000062   Code   RO        11458    .text               mc_w.l(uldiv.o)
    0x0800042a   0x0800042a   0x00000024   Code   RO        11460    .text               mc_w.l(memcpya.o)
    0x0800044e   0x0800044e   0x00000024   Code   RO        11464    .text               mc_w.l(memseta.o)
    0x08000472   0x08000472   0x0000000e   Code   RO        11466    .text               mc_w.l(strlen.o)
    0x08000480   0x08000480   0x0000001a   Code   RO        11468    .text               mc_w.l(memcmp.o)
    0x0800049a   0x0800049a   0x0000001e   Code   RO        11470    .text               mc_w.l(strncmp.o)
    0x080004b8   0x080004b8   0x0000001a   Code   RO        11763    .text               mc_w.l(atoi.o)
    0x080004d2   0x080004d2   0x0000002c   Code   RO        11838    .text               mc_w.l(uidiv.o)
    0x080004fe   0x080004fe   0x0000001e   Code   RO        11840    .text               mc_w.l(llshl.o)
    0x0800051c   0x0800051c   0x00000020   Code   RO        11842    .text               mc_w.l(llushr.o)
    0x0800053c   0x0800053c   0x00000070   Code   RO        11853    .text               mc_w.l(strtol.o)
    0x080005ac   0x080005ac   0x00000000   Code   RO        11855    .text               mc_w.l(iusefp.o)
    0x080005ac   0x080005ac   0x0000003c   Code   RO        11856    .text               mf_w.l(frnd.o)
    0x080005e8   0x080005e8   0x0000014e   Code   RO        11858    .text               mf_w.l(dadd.o)
    0x08000736   0x08000736   0x000000e4   Code   RO        11860    .text               mf_w.l(dmul.o)
    0x0800081a   0x0800081a   0x000000de   Code   RO        11862    .text               mf_w.l(ddiv.o)
    0x080008f8   0x080008f8   0x00000030   Code   RO        11864    .text               mf_w.l(dfixul.o)
    0x08000928   0x08000928   0x0000004c   Code   RO        11866    .text               mf_w.l(ffixir.o)
    0x08000974   0x08000974   0x00000030   Code   RO        11868    .text               mf_w.l(cdrcmple.o)
    0x080009a4   0x080009a4   0x00000024   Code   RO        11880    .text               mc_w.l(init.o)
    0x080009c8   0x080009c8   0x00000024   Code   RO        11882    .text               mc_w.l(llsshr.o)
    0x080009ec   0x080009ec   0x00000008   Code   RO        11884    .text               mc_w.l(ctype_o.o)
    0x080009f4   0x080009f4   0x0000009e   Code   RO        11912    .text               mc_w.l(_strtoul.o)
    0x08000a92   0x08000a92   0x0000006e   Code   RO        11914    .text               mf_w.l(fepilogue.o)
    0x08000b00   0x08000b00   0x000000ba   Code   RO        11916    .text               mf_w.l(depilogue.o)
    0x08000bba   0x08000bba   0x0000001c   Code   RO        11918    .text               mc_w.l(_chval.o)
    0x08000bd6   0x08000bd6   0x00000056   Code   RO        11928    .text               mc_w.l(__dczerorl2.o)
    0x08000c2c   0x08000c2c   0x00000130   Code   RO         4594    i.ADC_ConfigureBoostMode  stm32h7xx_hal_adc.o
    0x08000d5c   0x08000d5c   0x00000092   Code   RO         4596    i.ADC_DMAConvCplt   stm32h7xx_hal_adc.o
    0x08000dee   0x08000dee   0x0000001e   Code   RO         4597    i.ADC_DMAError      stm32h7xx_hal_adc.o
    0x08000e0c   0x08000e0c   0x0000000e   Code   RO         4598    i.ADC_DMAHalfConvCplt  stm32h7xx_hal_adc.o
    0x08000e1a   0x08000e1a   0x00000002   PAD
    0x08000e1c   0x08000e1c   0x00000094   Code   RO         4599    i.ADC_Disable       stm32h7xx_hal_adc.o
    0x08000eb0   0x08000eb0   0x000000cc   Code   RO         4600    i.ADC_Enable        stm32h7xx_hal_adc.o
    0x08000f7c   0x08000f7c   0x00000028   Code   RO        10795    i.AHRS_init         imu_task.o
    0x08000fa4   0x08000fa4   0x00000040   Code   RO        10796    i.AHRS_update       imu_task.o
    0x08000fe4   0x08000fe4   0x00000014   Code   RO        10404    i.BMI088_ACCEL_NS_H  bmi088middleware.o
    0x08000ff8   0x08000ff8   0x00000014   Code   RO        10405    i.BMI088_ACCEL_NS_L  bmi088middleware.o
    0x0800100c   0x0800100c   0x00000002   Code   RO        10406    i.BMI088_GPIO_init  bmi088middleware.o
    0x0800100e   0x0800100e   0x00000002   PAD
    0x08001010   0x08001010   0x00000014   Code   RO        10407    i.BMI088_GYRO_NS_H  bmi088middleware.o
    0x08001024   0x08001024   0x00000014   Code   RO        10408    i.BMI088_GYRO_NS_L  bmi088middleware.o
    0x08001038   0x08001038   0x00000002   Code   RO        10409    i.BMI088_com_init   bmi088middleware.o
    0x0800103a   0x0800103a   0x0000001a   Code   RO        10410    i.BMI088_delay_ms   bmi088middleware.o
    0x08001054   0x08001054   0x0000004a   Code   RO        10411    i.BMI088_delay_us   bmi088middleware.o
    0x0800109e   0x0800109e   0x0000001c   Code   RO        10335    i.BMI088_init       bmi088driver.o
    0x080010ba   0x080010ba   0x00000002   PAD
    0x080010bc   0x080010bc   0x0000017c   Code   RO        10336    i.BMI088_read       bmi088driver.o
    0x08001238   0x08001238   0x00000026   Code   RO        10337    i.BMI088_read_muli_reg  bmi088driver.o
    0x0800125e   0x0800125e   0x00000018   Code   RO        10338    i.BMI088_read_single_reg  bmi088driver.o
    0x08001276   0x08001276   0x00000002   PAD
    0x08001278   0x08001278   0x00000020   Code   RO        10412    i.BMI088_read_write_byte  bmi088middleware.o
    0x08001298   0x08001298   0x00000014   Code   RO        10339    i.BMI088_write_single_reg  bmi088driver.o
    0x080012ac   0x080012ac   0x00000010   Code   RO        10095    i.BSP_Buzzer_Init   bsp_buzzer.o
    0x080012bc   0x080012bc   0x00000014   Code   RO        10096    i.BSP_Buzzer_Off    bsp_buzzer.o
    0x080012d0   0x080012d0   0x00000020   Code   RO        10097    i.BSP_Buzzer_On     bsp_buzzer.o
    0x080012f0   0x080012f0   0x0000001c   Code   RO        10098    i.BSP_Buzzer_Toggle  bsp_buzzer.o
    0x0800130c   0x0800130c   0x0000007c   Code   RO        10065    i.BSP_UserKey_Detect  bsp_user_key.o
    0x08001388   0x08001388   0x00000014   Code   RO          853    i.BusFault_Handler  stm32h7xx_it.o
    0x0800139c   0x0800139c   0x000000e8   Code   RO        10887    i.CAN_UserRxCallback  gimbal_task.o
    0x08001484   0x08001484   0x00000044   Code   RO         1195    i.CDC_Control_HS    usbd_cdc_if.o
    0x080014c8   0x080014c8   0x00000004   Code   RO         1196    i.CDC_DeInit_HS     usbd_cdc_if.o
    0x080014cc   0x080014cc   0x00000024   Code   RO         1197    i.CDC_Init_HS       usbd_cdc_if.o
    0x080014f0   0x080014f0   0x0000001c   Code   RO         1198    i.CDC_Receive_HS    usbd_cdc_if.o
    0x0800150c   0x0800150c   0x0000000c   Code   RO         1199    i.CDC_TransmitCplt_HS  usbd_cdc_if.o
    0x08001518   0x08001518   0x00000010   Code   RO          854    i.DMA1_Stream0_IRQHandler  stm32h7xx_it.o
    0x08001528   0x08001528   0x000000ec   Code   RO         2807    i.DMA_CalcBaseAndBitshift  stm32h7xx_hal_dma.o
    0x08001614   0x08001614   0x000000c4   Code   RO         2808    i.DMA_CalcDMAMUXChannelBaseAndMask  stm32h7xx_hal_dma.o
    0x080016d8   0x080016d8   0x00000098   Code   RO         2809    i.DMA_CalcDMAMUXRequestGenBaseAndMask  stm32h7xx_hal_dma.o
    0x08001770   0x08001770   0x000000ae   Code   RO         2810    i.DMA_CheckFifoParam  stm32h7xx_hal_dma.o
    0x0800181e   0x0800181e   0x00000002   PAD
    0x08001820   0x08001820   0x00000274   Code   RO         2811    i.DMA_SetConfig     stm32h7xx_hal_dma.o
    0x08001a94   0x08001a94   0x00000002   Code   RO          855    i.DebugMon_Handler  stm32h7xx_it.o
    0x08001a96   0x08001a96   0x00000006   Code   RO          246    i.Error_Handler     main.o
    0x08001a9c   0x08001a9c   0x00000010   Code   RO          856    i.FDCAN1_IT0_IRQHandler  stm32h7xx_it.o
    0x08001aac   0x08001aac   0x00000010   Code   RO          857    i.FDCAN1_IT1_IRQHandler  stm32h7xx_it.o
    0x08001abc   0x08001abc   0x00000010   Code   RO          858    i.FDCAN2_IT0_IRQHandler  stm32h7xx_it.o
    0x08001acc   0x08001acc   0x00000010   Code   RO          859    i.FDCAN2_IT1_IRQHandler  stm32h7xx_it.o
    0x08001adc   0x08001adc   0x00000010   Code   RO          860    i.FDCAN3_IT0_IRQHandler  stm32h7xx_it.o
    0x08001aec   0x08001aec   0x00000010   Code   RO          861    i.FDCAN3_IT1_IRQHandler  stm32h7xx_it.o
    0x08001afc   0x08001afc   0x00000220   Code   RO         5140    i.FDCAN_CalcultateRamBlockAddresses  stm32h7xx_hal_fdcan.o
    0x08001d1c   0x08001d1c   0x000000d4   Code   RO         5141    i.FDCAN_CopyMessageToRAM  stm32h7xx_hal_fdcan.o
    0x08001df0   0x08001df0   0x0000006c   Code   RO          862    i.Fault_Trap        stm32h7xx_it.o
    0x08001e5c   0x08001e5c   0x00000104   Code   RO        10851    i.FunTest_Entry     fun_test_task.o
    0x08001f60   0x08001f60   0x000000dc   Code   RO        10797    i.GetAngle          imu_task.o
    0x0800203c   0x0800203c   0x00000034   Code   RO         1099    i.Get_SerialNum     usbd_desc.o
    0x08002070   0x08002070   0x00000098   Code   RO        10888    i.GimbalTask_Entry  gimbal_task.o
    0x08002108   0x08002108   0x000000b8   Code   RO         4871    i.HAL_ADCEx_Calibration_Start  stm32h7xx_hal_adc_ex.o
    0x080021c0   0x080021c0   0x00000164   Code   RO         4891    i.HAL_ADCEx_MultiModeConfigChannel  stm32h7xx_hal_adc_ex.o
    0x08002324   0x08002324   0x00000788   Code   RO         4602    i.HAL_ADC_ConfigChannel  stm32h7xx_hal_adc.o
    0x08002aac   0x08002aac   0x00000002   Code   RO         4603    i.HAL_ADC_ConvCpltCallback  stm32h7xx_hal_adc.o
    0x08002aae   0x08002aae   0x00000002   Code   RO         4604    i.HAL_ADC_ConvHalfCpltCallback  stm32h7xx_hal_adc.o
    0x08002ab0   0x08002ab0   0x00000002   Code   RO         4606    i.HAL_ADC_ErrorCallback  stm32h7xx_hal_adc.o
    0x08002ab2   0x08002ab2   0x00000002   PAD
    0x08002ab4   0x08002ab4   0x00000340   Code   RO         4611    i.HAL_ADC_Init      stm32h7xx_hal_adc.o
    0x08002df4   0x08002df4   0x0000012c   Code   RO          495    i.HAL_ADC_MspInit   adc.o
    0x08002f20   0x08002f20   0x00000170   Code   RO         4618    i.HAL_ADC_Start_DMA  stm32h7xx_hal_adc.o
    0x08003090   0x08003090   0x000004dc   Code   RO         2812    i.HAL_DMA_Abort     stm32h7xx_hal_dma.o
    0x0800356c   0x0800356c   0x00000398   Code   RO         2813    i.HAL_DMA_Abort_IT  stm32h7xx_hal_dma.o
    0x08003904   0x08003904   0x00000af8   Code   RO         2817    i.HAL_DMA_IRQHandler  stm32h7xx_hal_dma.o
    0x080043fc   0x080043fc   0x00000514   Code   RO         2818    i.HAL_DMA_Init      stm32h7xx_hal_dma.o
    0x08004910   0x08004910   0x000003e0   Code   RO         2822    i.HAL_DMA_Start_IT  stm32h7xx_hal_dma.o
    0x08004cf0   0x08004cf0   0x00000028   Code   RO         3655    i.HAL_Delay         stm32h7xx_hal.o
    0x08004d18   0x08004d18   0x000000a8   Code   RO         5143    i.HAL_FDCAN_ActivateNotification  stm32h7xx_hal_fdcan.o
    0x08004dc0   0x08004dc0   0x00000090   Code   RO         5145    i.HAL_FDCAN_AddMessageToTxFifoQ  stm32h7xx_hal_fdcan.o
    0x08004e50   0x08004e50   0x00000002   Code   RO         5146    i.HAL_FDCAN_ClockCalibrationCallback  stm32h7xx_hal_fdcan.o
    0x08004e52   0x08004e52   0x0000006c   Code   RO         5149    i.HAL_FDCAN_ConfigFifoWatermark  stm32h7xx_hal_fdcan.o
    0x08004ebe   0x08004ebe   0x000000a8   Code   RO         5150    i.HAL_FDCAN_ConfigFilter  stm32h7xx_hal_fdcan.o
    0x08004f66   0x08004f66   0x00000002   Code   RO         5172    i.HAL_FDCAN_ErrorCallback  stm32h7xx_hal_fdcan.o
    0x08004f68   0x08004f68   0x00000002   Code   RO         5173    i.HAL_FDCAN_ErrorStatusCallback  stm32h7xx_hal_fdcan.o
    0x08004f6a   0x08004f6a   0x00000002   PAD
    0x08004f6c   0x08004f6c   0x000001f4   Code   RO         5184    i.HAL_FDCAN_GetRxMessage  stm32h7xx_hal_fdcan.o
    0x08005160   0x08005160   0x00000002   Code   RO         5190    i.HAL_FDCAN_HighPriorityMessageCallback  stm32h7xx_hal_fdcan.o
    0x08005162   0x08005162   0x00000002   PAD
    0x08005164   0x08005164   0x000003d4   Code   RO         5191    i.HAL_FDCAN_IRQHandler  stm32h7xx_hal_fdcan.o
    0x08005538   0x08005538   0x000002e0   Code   RO         5192    i.HAL_FDCAN_Init    stm32h7xx_hal_fdcan.o
    0x08005818   0x08005818   0x0000023c   Code   RO          561    i.HAL_FDCAN_MspInit  fdcan.o
    0x08005a54   0x08005a54   0x00000002   Code   RO         5201    i.HAL_FDCAN_RxBufferNewMessageCallback  stm32h7xx_hal_fdcan.o
    0x08005a56   0x08005a56   0x00000002   PAD
    0x08005a58   0x08005a58   0x00000038   Code   RO        10478    i.HAL_FDCAN_RxFifo0Callback  can_bsp.o
    0x08005a90   0x08005a90   0x00000002   Code   RO         5203    i.HAL_FDCAN_RxFifo1Callback  stm32h7xx_hal_fdcan.o
    0x08005a92   0x08005a92   0x00000034   Code   RO         5204    i.HAL_FDCAN_Start   stm32h7xx_hal_fdcan.o
    0x08005ac6   0x08005ac6   0x00000002   Code   RO         5226    i.HAL_FDCAN_TT_GlobalTimeCallback  stm32h7xx_hal_fdcan.o
    0x08005ac8   0x08005ac8   0x00000002   Code   RO         5227    i.HAL_FDCAN_TT_ScheduleSyncCallback  stm32h7xx_hal_fdcan.o
    0x08005aca   0x08005aca   0x00000002   Code   RO         5232    i.HAL_FDCAN_TT_StopWatchCallback  stm32h7xx_hal_fdcan.o
    0x08005acc   0x08005acc   0x00000002   Code   RO         5233    i.HAL_FDCAN_TT_TimeMarkCallback  stm32h7xx_hal_fdcan.o
    0x08005ace   0x08005ace   0x00000002   Code   RO         5234    i.HAL_FDCAN_TimeoutOccurredCallback  stm32h7xx_hal_fdcan.o
    0x08005ad0   0x08005ad0   0x00000002   Code   RO         5235    i.HAL_FDCAN_TimestampWraparoundCallback  stm32h7xx_hal_fdcan.o
    0x08005ad2   0x08005ad2   0x00000002   Code   RO         5236    i.HAL_FDCAN_TxBufferAbortCallback  stm32h7xx_hal_fdcan.o
    0x08005ad4   0x08005ad4   0x00000002   Code   RO         5237    i.HAL_FDCAN_TxBufferCompleteCallback  stm32h7xx_hal_fdcan.o
    0x08005ad6   0x08005ad6   0x00000002   Code   RO         5238    i.HAL_FDCAN_TxEventFifoCallback  stm32h7xx_hal_fdcan.o
    0x08005ad8   0x08005ad8   0x00000002   Code   RO         5239    i.HAL_FDCAN_TxFifoEmptyCallback  stm32h7xx_hal_fdcan.o
    0x08005ada   0x08005ada   0x00000002   PAD
    0x08005adc   0x08005adc   0x0000016c   Code   RO         2657    i.HAL_GPIO_DeInit   stm32h7xx_hal_gpio.o
    0x08005c48   0x08005c48   0x000001f0   Code   RO         2660    i.HAL_GPIO_Init     stm32h7xx_hal_gpio.o
    0x08005e38   0x08005e38   0x00000010   Code   RO         2662    i.HAL_GPIO_ReadPin  stm32h7xx_hal_gpio.o
    0x08005e48   0x08005e48   0x0000000c   Code   RO         2664    i.HAL_GPIO_WritePin  stm32h7xx_hal_gpio.o
    0x08005e54   0x08005e54   0x0000000c   Code   RO         3671    i.HAL_GetTick       stm32h7xx_hal.o
    0x08005e60   0x08005e60   0x00000018   Code   RO         3677    i.HAL_IncTick       stm32h7xx_hal.o
    0x08005e78   0x08005e78   0x00000060   Code   RO         3678    i.HAL_Init          stm32h7xx_hal.o
    0x08005ed8   0x08005ed8   0x00000094   Code   RO         1025    i.HAL_InitTick      stm32h7xx_hal_timebase_tim.o
    0x08005f6c   0x08005f6c   0x00000030   Code   RO         1001    i.HAL_MspInit       stm32h7xx_hal_msp.o
    0x08005f9c   0x08005f9c   0x00000028   Code   RO         3508    i.HAL_NVIC_EnableIRQ  stm32h7xx_hal_cortex.o
    0x08005fc4   0x08005fc4   0x0000007a   Code   RO         3514    i.HAL_NVIC_SetPriority  stm32h7xx_hal_cortex.o
    0x0800603e   0x0800603e   0x00000002   PAD
    0x08006040   0x08006040   0x00000028   Code   RO         3515    i.HAL_NVIC_SetPriorityGrouping  stm32h7xx_hal_cortex.o
    0x08006068   0x08006068   0x000006f8   Code   RO         5758    i.HAL_OSPIM_Config  stm32h7xx_hal_ospi.o
    0x08006760   0x08006760   0x00000032   Code   RO         5767    i.HAL_OSPI_DeInit   stm32h7xx_hal_ospi.o
    0x08006792   0x08006792   0x00000002   PAD
    0x08006794   0x08006794   0x00000110   Code   RO         5776    i.HAL_OSPI_Init     stm32h7xx_hal_ospi.o
    0x080068a4   0x080068a4   0x00000060   Code   RO          615    i.HAL_OSPI_MspDeInit  octospi.o
    0x08006904   0x08006904   0x000001a4   Code   RO          616    i.HAL_OSPI_MspInit  octospi.o
    0x08006aa8   0x08006aa8   0x00000008   Code   RO         5786    i.HAL_OSPI_SetTimeout  stm32h7xx_hal_ospi.o
    0x08006ab0   0x08006ab0   0x00000028   Code   RO         1705    i.HAL_PCDEx_ActivateLPM  stm32h7xx_hal_pcd_ex.o
    0x08006ad8   0x08006ad8   0x00000002   Code   RO         1710    i.HAL_PCDEx_LPM_Callback  stm32h7xx_hal_pcd_ex.o
    0x08006ada   0x08006ada   0x0000000a   Code   RO         1711    i.HAL_PCDEx_SetRxFiFo  stm32h7xx_hal_pcd_ex.o
    0x08006ae4   0x08006ae4   0x0000004e   Code   RO         1712    i.HAL_PCDEx_SetTxFiFo  stm32h7xx_hal_pcd_ex.o
    0x08006b32   0x08006b32   0x0000000e   Code   RO         1256    i.HAL_PCD_ConnectCallback  usbd_conf.o
    0x08006b40   0x08006b40   0x00000020   Code   RO         1257    i.HAL_PCD_DataInStageCallback  usbd_conf.o
    0x08006b60   0x08006b60   0x00000020   Code   RO         1258    i.HAL_PCD_DataOutStageCallback  usbd_conf.o
    0x08006b80   0x08006b80   0x0000000e   Code   RO         1259    i.HAL_PCD_DisconnectCallback  usbd_conf.o
    0x08006b8e   0x08006b8e   0x00000042   Code   RO         1476    i.HAL_PCD_EP_Abort  stm32h7xx_hal_pcd.o
    0x08006bd0   0x08006bd0   0x0000006a   Code   RO         1477    i.HAL_PCD_EP_Close  stm32h7xx_hal_pcd.o
    0x08006c3a   0x08006c3a   0x0000007c   Code   RO         1478    i.HAL_PCD_EP_ClrStall  stm32h7xx_hal_pcd.o
    0x08006cb6   0x08006cb6   0x00000016   Code   RO         1480    i.HAL_PCD_EP_GetRxCount  stm32h7xx_hal_pcd.o
    0x08006ccc   0x08006ccc   0x0000008c   Code   RO         1481    i.HAL_PCD_EP_Open   stm32h7xx_hal_pcd.o
    0x08006d58   0x08006d58   0x00000046   Code   RO         1482    i.HAL_PCD_EP_Receive  stm32h7xx_hal_pcd.o
    0x08006d9e   0x08006d9e   0x0000008a   Code   RO         1483    i.HAL_PCD_EP_SetStall  stm32h7xx_hal_pcd.o
    0x08006e28   0x08006e28   0x00000048   Code   RO         1484    i.HAL_PCD_EP_Transmit  stm32h7xx_hal_pcd.o
    0x08006e70   0x08006e70   0x0000070e   Code   RO         1486    i.HAL_PCD_IRQHandler  stm32h7xx_hal_pcd.o
    0x0800757e   0x0800757e   0x00000012   Code   RO         1260    i.HAL_PCD_ISOINIncompleteCallback  usbd_conf.o
    0x08007590   0x08007590   0x00000012   Code   RO         1261    i.HAL_PCD_ISOOUTIncompleteCallback  usbd_conf.o
    0x080075a2   0x080075a2   0x00000172   Code   RO         1489    i.HAL_PCD_Init      stm32h7xx_hal_pcd.o
    0x08007714   0x08007714   0x00000070   Code   RO         1263    i.HAL_PCD_MspInit   usbd_conf.o
    0x08007784   0x08007784   0x00000030   Code   RO         1264    i.HAL_PCD_ResetCallback  usbd_conf.o
    0x080077b4   0x080077b4   0x0000000e   Code   RO         1265    i.HAL_PCD_ResumeCallback  usbd_conf.o
    0x080077c2   0x080077c2   0x0000000e   Code   RO         1266    i.HAL_PCD_SOFCallback  usbd_conf.o
    0x080077d0   0x080077d0   0x00000036   Code   RO         1495    i.HAL_PCD_SetAddress  stm32h7xx_hal_pcd.o
    0x08007806   0x08007806   0x00000012   Code   RO         1267    i.HAL_PCD_SetupStageCallback  usbd_conf.o
    0x08007818   0x08007818   0x0000004c   Code   RO         1498    i.HAL_PCD_Start     stm32h7xx_hal_pcd.o
    0x08007864   0x08007864   0x00000034   Code   RO         1268    i.HAL_PCD_SuspendCallback  usbd_conf.o
    0x08007898   0x08007898   0x00000060   Code   RO         3261    i.HAL_PWREx_ConfigSupply  stm32h7xx_hal_pwr_ex.o
    0x080078f8   0x080078f8   0x00000014   Code   RO         3278    i.HAL_PWREx_EnableUSBVoltageDetector  stm32h7xx_hal_pwr_ex.o
    0x0800790c   0x0800790c   0x00000024   Code   RO         2203    i.HAL_RCCEx_GetD3PCLK1Freq  stm32h7xx_hal_rcc_ex.o
    0x08007930   0x08007930   0x00000230   Code   RO         2204    i.HAL_RCCEx_GetPLL1ClockFreq  stm32h7xx_hal_rcc_ex.o
    0x08007b60   0x08007b60   0x00000230   Code   RO         2205    i.HAL_RCCEx_GetPLL2ClockFreq  stm32h7xx_hal_rcc_ex.o
    0x08007d90   0x08007d90   0x00000230   Code   RO         2206    i.HAL_RCCEx_GetPLL3ClockFreq  stm32h7xx_hal_rcc_ex.o
    0x08007fc0   0x08007fc0   0x000007ac   Code   RO         2208    i.HAL_RCCEx_GetPeriphCLKFreq  stm32h7xx_hal_rcc_ex.o
    0x0800876c   0x0800876c   0x00000cc8   Code   RO         2212    i.HAL_RCCEx_PeriphCLKConfig  stm32h7xx_hal_rcc_ex.o
    0x08009434   0x08009434   0x00000320   Code   RO         2088    i.HAL_RCC_ClockConfig  stm32h7xx_hal_rcc.o
    0x08009754   0x08009754   0x0000006c   Code   RO         2092    i.HAL_RCC_GetClockConfig  stm32h7xx_hal_rcc.o
    0x080097c0   0x080097c0   0x0000004c   Code   RO         2093    i.HAL_RCC_GetHCLKFreq  stm32h7xx_hal_rcc.o
    0x0800980c   0x0800980c   0x00000024   Code   RO         2095    i.HAL_RCC_GetPCLK1Freq  stm32h7xx_hal_rcc.o
    0x08009830   0x08009830   0x00000024   Code   RO         2096    i.HAL_RCC_GetPCLK2Freq  stm32h7xx_hal_rcc.o
    0x08009854   0x08009854   0x0000022c   Code   RO         2097    i.HAL_RCC_GetSysClockFreq  stm32h7xx_hal_rcc.o
    0x08009a80   0x08009a80   0x000000bc   Code   RO         2098    i.HAL_RCC_MCOConfig  stm32h7xx_hal_rcc.o
    0x08009b3c   0x08009b3c   0x0000075c   Code   RO         2100    i.HAL_RCC_OscConfig  stm32h7xx_hal_rcc.o
    0x0800a298   0x0800a298   0x00000098   Code   RO         7810    i.HAL_RS485Ex_Init  stm32h7xx_hal_uart_ex.o
    0x0800a330   0x0800a330   0x000001b0   Code   RO         6033    i.HAL_SPI_Init      stm32h7xx_hal_spi.o
    0x0800a4e0   0x0800a4e0   0x00000250   Code   RO          658    i.HAL_SPI_MspInit   spi.o
    0x0800a730   0x0800a730   0x000002d4   Code   RO         6042    i.HAL_SPI_Transmit  stm32h7xx_hal_spi.o
    0x0800aa04   0x0800aa04   0x00000302   Code   RO         6043    i.HAL_SPI_TransmitReceive  stm32h7xx_hal_spi.o
    0x0800ad06   0x0800ad06   0x00000002   Code   RO         7083    i.HAL_TIMEx_Break2Callback  stm32h7xx_hal_tim_ex.o
    0x0800ad08   0x0800ad08   0x00000002   Code   RO         7084    i.HAL_TIMEx_BreakCallback  stm32h7xx_hal_tim_ex.o
    0x0800ad0a   0x0800ad0a   0x00000002   Code   RO         7085    i.HAL_TIMEx_CommutCallback  stm32h7xx_hal_tim_ex.o
    0x0800ad0c   0x0800ad0c   0x000000e8   Code   RO         7087    i.HAL_TIMEx_ConfigBreakDeadTime  stm32h7xx_hal_tim_ex.o
    0x0800adf4   0x0800adf4   0x000000e4   Code   RO         7106    i.HAL_TIMEx_MasterConfigSynchronization  stm32h7xx_hal_tim_ex.o
    0x0800aed8   0x0800aed8   0x0000006e   Code   RO         6358    i.HAL_TIM_Base_Init  stm32h7xx_hal_tim.o
    0x0800af46   0x0800af46   0x00000002   Code   RO         6360    i.HAL_TIM_Base_MspInit  stm32h7xx_hal_tim.o
    0x0800af48   0x0800af48   0x000000cc   Code   RO         6363    i.HAL_TIM_Base_Start_IT  stm32h7xx_hal_tim.o
    0x0800b014   0x0800b014   0x00000002   Code   RO         6392    i.HAL_TIM_IC_CaptureCallback  stm32h7xx_hal_tim.o
    0x0800b016   0x0800b016   0x000001b8   Code   RO         6406    i.HAL_TIM_IRQHandler  stm32h7xx_hal_tim.o
    0x0800b1ce   0x0800b1ce   0x00000002   PAD
    0x0800b1d0   0x0800b1d0   0x00000130   Code   RO          711    i.HAL_TIM_MspPostInit  tim.o
    0x0800b300   0x0800b300   0x00000002   Code   RO         6409    i.HAL_TIM_OC_DelayElapsedCallback  stm32h7xx_hal_tim.o
    0x0800b302   0x0800b302   0x00000170   Code   RO         6430    i.HAL_TIM_PWM_ConfigChannel  stm32h7xx_hal_tim.o
    0x0800b472   0x0800b472   0x0000006e   Code   RO         6433    i.HAL_TIM_PWM_Init  stm32h7xx_hal_tim.o
    0x0800b4e0   0x0800b4e0   0x000000b0   Code   RO          713    i.HAL_TIM_PWM_MspInit  tim.o
    0x0800b590   0x0800b590   0x00000002   Code   RO         6436    i.HAL_TIM_PWM_PulseFinishedCallback  stm32h7xx_hal_tim.o
    0x0800b592   0x0800b592   0x00000002   PAD
    0x0800b594   0x0800b594   0x0000017c   Code   RO         6438    i.HAL_TIM_PWM_Start  stm32h7xx_hal_tim.o
    0x0800b710   0x0800b710   0x00000018   Code   RO          247    i.HAL_TIM_PeriodElapsedCallback  main.o
    0x0800b728   0x0800b728   0x00000002   Code   RO         6449    i.HAL_TIM_TriggerCallback  stm32h7xx_hal_tim.o
    0x0800b72a   0x0800b72a   0x0000004e   Code   RO         7811    i.HAL_UARTEx_DisableFifoMode  stm32h7xx_hal_uart_ex.o
    0x0800b778   0x0800b778   0x00000062   Code   RO         7818    i.HAL_UARTEx_ReceiveToIdle_IT  stm32h7xx_hal_uart_ex.o
    0x0800b7da   0x0800b7da   0x00000002   PAD
    0x0800b7dc   0x0800b7dc   0x00000134   Code   RO        10893    i.HAL_UARTEx_RxEventCallback  gimbal_task.o
    0x0800b910   0x0800b910   0x00000002   Code   RO         7819    i.HAL_UARTEx_RxFifoFullCallback  stm32h7xx_hal_uart_ex.o
    0x0800b912   0x0800b912   0x0000005e   Code   RO         7820    i.HAL_UARTEx_SetRxFifoThreshold  stm32h7xx_hal_uart_ex.o
    0x0800b970   0x0800b970   0x0000005e   Code   RO         7821    i.HAL_UARTEx_SetTxFifoThreshold  stm32h7xx_hal_uart_ex.o
    0x0800b9ce   0x0800b9ce   0x00000002   Code   RO         7823    i.HAL_UARTEx_TxFifoEmptyCallback  stm32h7xx_hal_uart_ex.o
    0x0800b9d0   0x0800b9d0   0x00000002   Code   RO         7824    i.HAL_UARTEx_WakeupCallback  stm32h7xx_hal_uart_ex.o
    0x0800b9d2   0x0800b9d2   0x00000002   PAD
    0x0800b9d4   0x0800b9d4   0x00000058   Code   RO        10894    i.HAL_UART_ErrorCallback  gimbal_task.o
    0x0800ba2c   0x0800ba2c   0x00000494   Code   RO         7414    i.HAL_UART_IRQHandler  stm32h7xx_hal_uart.o
    0x0800bec0   0x0800bec0   0x00000078   Code   RO         7415    i.HAL_UART_Init     stm32h7xx_hal_uart.o
    0x0800bf38   0x0800bf38   0x00000340   Code   RO          778    i.HAL_UART_MspInit  usart.o
    0x0800c278   0x0800c278   0x0000005c   Code   RO         7420    i.HAL_UART_Receive_IT  stm32h7xx_hal_uart.o
    0x0800c2d4   0x0800c2d4   0x0000006c   Code   RO        10852    i.HAL_UART_RxCpltCallback  fun_test_task.o
    0x0800c340   0x0800c340   0x000000c2   Code   RO         7424    i.HAL_UART_Transmit  stm32h7xx_hal_uart.o
    0x0800c402   0x0800c402   0x00000002   Code   RO         7427    i.HAL_UART_TxCpltCallback  stm32h7xx_hal_uart.o
    0x0800c404   0x0800c404   0x00000014   Code   RO          863    i.HardFault_Handler  stm32h7xx_it.o
    0x0800c418   0x0800c418   0x00000154   Code   RO        10798    i.ImuTask_Entry     imu_task.o
    0x0800c56c   0x0800c56c   0x0000003e   Code   RO         1100    i.IntToUnicode      usbd_desc.o
    0x0800c5aa   0x0800c5aa   0x00000002   PAD
    0x0800c5ac   0x0800c5ac   0x00000080   Code   RO        10726    i.KeyTask_Entry     key_task.o
    0x0800c62c   0x0800c62c   0x000000a4   Code   RO        10727    i.KeyTask_UpdateLed  key_task.o
    0x0800c6d0   0x0800c6d0   0x00000042   Code   RO        10143    i.LCD_Address_Set   lcd.o
    0x0800c712   0x0800c712   0x000000ac   Code   RO        10144    i.LCD_DrawLine      lcd.o
    0x0800c7be   0x0800c7be   0x0000001c   Code   RO        10145    i.LCD_DrawPoint     lcd.o
    0x0800c7da   0x0800c7da   0x0000004a   Code   RO        10147    i.LCD_Fill          lcd.o
    0x0800c824   0x0800c824   0x0000019c   Code   RO        10148    i.LCD_Init          lcd.o
    0x0800c9c0   0x0800c9c0   0x00000158   Code   RO        10149    i.LCD_ShowChar      lcd.o
    0x0800cb18   0x0800cb18   0x0000008c   Code   RO        10150    i.LCD_ShowChinese   lcd.o
    0x0800cba4   0x0800cba4   0x00000148   Code   RO        10151    i.LCD_ShowChinese12x12  lcd.o
    0x0800ccec   0x0800ccec   0x00000138   Code   RO        10152    i.LCD_ShowChinese16x16  lcd.o
    0x0800ce24   0x0800ce24   0x00000148   Code   RO        10153    i.LCD_ShowChinese24x24  lcd.o
    0x0800cf6c   0x0800cf6c   0x00000138   Code   RO        10154    i.LCD_ShowChinese32x32  lcd.o
    0x0800d0a4   0x0800d0a4   0x00000130   Code   RO        10155    i.LCD_ShowFloatNum  lcd.o
    0x0800d1d4   0x0800d1d4   0x00000066   Code   RO        10158    i.LCD_ShowPicture   lcd.o
    0x0800d23a   0x0800d23a   0x00000042   Code   RO        10159    i.LCD_ShowString    lcd.o
    0x0800d27c   0x0800d27c   0x00000012   Code   RO        10160    i.LCD_WR_DATA       lcd.o
    0x0800d28e   0x0800d28e   0x0000000c   Code   RO        10161    i.LCD_WR_DATA8      lcd.o
    0x0800d29a   0x0800d29a   0x00000002   PAD
    0x0800d29c   0x0800d29c   0x00000028   Code   RO        10162    i.LCD_WR_REG        lcd.o
    0x0800d2c4   0x0800d2c4   0x00000030   Code   RO        10163    i.LCD_Writ_Bus      lcd.o
    0x0800d2f4   0x0800d2f4   0x00000010   Code   RO         4624    i.LL_ADC_Enable     stm32h7xx_hal_adc.o
    0x0800d304   0x0800d304   0x0000000a   Code   RO         4626    i.LL_ADC_GetMultimode  stm32h7xx_hal_adc.o
    0x0800d30e   0x0800d30e   0x00000012   Code   RO         4627    i.LL_ADC_GetOffsetChannel  stm32h7xx_hal_adc.o
    0x0800d320   0x0800d320   0x0000000a   Code   RO         4628    i.LL_ADC_INJ_IsConversionOngoing  stm32h7xx_hal_adc.o
    0x0800d32a   0x0800d32a   0x0000000a   Code   RO         4629    i.LL_ADC_IsDisableOngoing  stm32h7xx_hal_adc.o
    0x0800d334   0x0800d334   0x0000000a   Code   RO         4630    i.LL_ADC_IsEnabled  stm32h7xx_hal_adc.o
    0x0800d33e   0x0800d33e   0x0000000a   Code   RO         4904    i.LL_ADC_IsEnabled  stm32h7xx_hal_adc_ex.o
    0x0800d348   0x0800d348   0x0000000a   Code   RO         4631    i.LL_ADC_IsInternalRegulatorEnabled  stm32h7xx_hal_adc.o
    0x0800d352   0x0800d352   0x0000000a   Code   RO         4632    i.LL_ADC_REG_IsConversionOngoing  stm32h7xx_hal_adc.o
    0x0800d35c   0x0800d35c   0x0000000a   Code   RO         4905    i.LL_ADC_REG_IsConversionOngoing  stm32h7xx_hal_adc_ex.o
    0x0800d366   0x0800d366   0x00000012   Code   RO         4633    i.LL_ADC_REG_IsTriggerSourceSWStart  stm32h7xx_hal_adc.o
    0x0800d378   0x0800d378   0x00000010   Code   RO         4634    i.LL_ADC_REG_StartConversion  stm32h7xx_hal_adc.o
    0x0800d388   0x0800d388   0x00000028   Code   RO         4636    i.LL_ADC_SetChannelSamplingTime  stm32h7xx_hal_adc.o
    0x0800d3b0   0x0800d3b0   0x0000000c   Code   RO         4637    i.LL_ADC_SetCommonPathInternalCh  stm32h7xx_hal_adc.o
    0x0800d3bc   0x0800d3bc   0x00000030   Code   RO         4638    i.LL_ADC_SetOffsetState  stm32h7xx_hal_adc.o
    0x0800d3ec   0x0800d3ec   0x000000c8   Code   RO        10761    i.LcdTask_Entry     lcd_task.o
    0x0800d4b4   0x0800d4b4   0x000000c4   Code   RO          496    i.MX_ADC1_Init      adc.o
    0x0800d578   0x0800d578   0x00000034   Code   RO          536    i.MX_DMA_Init       dma.o
    0x0800d5ac   0x0800d5ac   0x0000007c   Code   RO          562    i.MX_FDCAN1_Init    fdcan.o
    0x0800d628   0x0800d628   0x0000007c   Code   RO          563    i.MX_FDCAN2_Init    fdcan.o
    0x0800d6a4   0x0800d6a4   0x0000007c   Code   RO          564    i.MX_FDCAN3_Init    fdcan.o
    0x0800d720   0x0800d720   0x000000b4   Code   RO          412    i.MX_FREERTOS_Init  freertos.o
    0x0800d7d4   0x0800d7d4   0x000001d8   Code   RO          384    i.MX_GPIO_Init      gpio.o
    0x0800d9ac   0x0800d9ac   0x000000a4   Code   RO          617    i.MX_OCTOSPI2_Init  octospi.o
    0x0800da50   0x0800da50   0x00000064   Code   RO          659    i.MX_SPI1_Init      spi.o
    0x0800dab4   0x0800dab4   0x00000064   Code   RO          660    i.MX_SPI2_Init      spi.o
    0x0800db18   0x0800db18   0x00000064   Code   RO          661    i.MX_SPI6_Init      spi.o
    0x0800db7c   0x0800db7c   0x0000007c   Code   RO          714    i.MX_TIM12_Init     tim.o
    0x0800dbf8   0x0800dbf8   0x000000d4   Code   RO          715    i.MX_TIM1_Init      tim.o
    0x0800dccc   0x0800dccc   0x00000090   Code   RO          716    i.MX_TIM2_Init      tim.o
    0x0800dd5c   0x0800dd5c   0x00000080   Code   RO          717    i.MX_TIM3_Init      tim.o
    0x0800dddc   0x0800dddc   0x0000006c   Code   RO          779    i.MX_UART7_Init     usart.o
    0x0800de48   0x0800de48   0x0000006c   Code   RO          780    i.MX_USART10_UART_Init  usart.o
    0x0800deb4   0x0800deb4   0x0000006c   Code   RO          781    i.MX_USART1_UART_Init  usart.o
    0x0800df20   0x0800df20   0x00000070   Code   RO          782    i.MX_USART2_UART_Init  usart.o
    0x0800df90   0x0800df90   0x00000070   Code   RO          783    i.MX_USART3_UART_Init  usart.o
    0x0800e000   0x0800e000   0x00000050   Code   RO         1064    i.MX_USB_DEVICE_Init  usb_device.o
    0x0800e050   0x0800e050   0x000002f8   Code   RO        11062    i.MahonyAHRSupdateIMU  mahonyahrs.o
    0x0800e348   0x0800e348   0x00000014   Code   RO          864    i.MemManage_Handler  stm32h7xx_it.o
    0x0800e35c   0x0800e35c   0x00000004   Code   RO          865    i.NMI_Handler       stm32h7xx_it.o
    0x0800e360   0x0800e360   0x000000e8   Code   RO         5794    i.OSPIM_GetConfig   stm32h7xx_hal_ospi.o
    0x0800e448   0x0800e448   0x0000004c   Code   RO         5799    i.OSPI_WaitFlagStateUntilTimeout  stm32h7xx_hal_ospi.o
    0x0800e494   0x0800e494   0x00000010   Code   RO          866    i.OTG_HS_IRQHandler  stm32h7xx_it.o
    0x0800e4a4   0x0800e4a4   0x00000064   Code   RO         1501    i.PCD_EP_OutSetupPacket_int  stm32h7xx_hal_pcd.o
    0x0800e508   0x0800e508   0x00000144   Code   RO         1502    i.PCD_EP_OutXfrComplete_int  stm32h7xx_hal_pcd.o
    0x0800e64c   0x0800e64c   0x000000b6   Code   RO         1503    i.PCD_WriteEmptyTxFifo  stm32h7xx_hal_pcd.o
    0x0800e702   0x0800e702   0x00000002   PAD
    0x0800e704   0x0800e704   0x00000164   Code   RO         2215    i.RCCEx_PLL2_Config  stm32h7xx_hal_rcc_ex.o
    0x0800e868   0x0800e868   0x00000164   Code   RO         2216    i.RCCEx_PLL3_Config  stm32h7xx_hal_rcc_ex.o
    0x0800e9cc   0x0800e9cc   0x000000d6   Code   RO         6053    i.SPI_CloseTransfer  stm32h7xx_hal_spi.o
    0x0800eaa2   0x0800eaa2   0x0000001a   Code   RO         6064    i.SPI_GetPacketSize  stm32h7xx_hal_spi.o
    0x0800eabc   0x0800eabc   0x00000042   Code   RO         6071    i.SPI_WaitOnFlagUntilTimeout  stm32h7xx_hal_spi.o
    0x0800eafe   0x0800eafe   0x00000012   Code   RO         9785    i.SWAPBYTE          usbd_ctlreq.o
    0x0800eb10   0x0800eb10   0x0000000e   Code   RO          413    i.StartDefaultTask  freertos.o
    0x0800eb1e   0x0800eb1e   0x00000002   PAD
    0x0800eb20   0x0800eb20   0x00000034   Code   RO         9540    i.SysTick_Handler   port.o
    0x0800eb54   0x0800eb54   0x000000d0   Code   RO          249    i.SystemClock_Config  main.o
    0x0800ec24   0x0800ec24   0x000000e0   Code   RO         7935    i.SystemInit        system_stm32h7xx.o
    0x0800ed04   0x0800ed04   0x00000010   Code   RO          867    i.TIM23_IRQHandler  stm32h7xx_it.o
    0x0800ed14   0x0800ed14   0x000000e0   Code   RO         6451    i.TIM_Base_SetConfig  stm32h7xx_hal_tim.o
    0x0800edf4   0x0800edf4   0x00000022   Code   RO         6452    i.TIM_CCxChannelCmd  stm32h7xx_hal_tim.o
    0x0800ee16   0x0800ee16   0x00000002   PAD
    0x0800ee18   0x0800ee18   0x000000ac   Code   RO         6464    i.TIM_OC1_SetConfig  stm32h7xx_hal_tim.o
    0x0800eec4   0x0800eec4   0x000000b4   Code   RO         6465    i.TIM_OC2_SetConfig  stm32h7xx_hal_tim.o
    0x0800ef78   0x0800ef78   0x000000b4   Code   RO         6466    i.TIM_OC3_SetConfig  stm32h7xx_hal_tim.o
    0x0800f02c   0x0800f02c   0x00000074   Code   RO         6467    i.TIM_OC4_SetConfig  stm32h7xx_hal_tim.o
    0x0800f0a0   0x0800f0a0   0x00000070   Code   RO         6468    i.TIM_OC5_SetConfig  stm32h7xx_hal_tim.o
    0x0800f110   0x0800f110   0x00000070   Code   RO         6469    i.TIM_OC6_SetConfig  stm32h7xx_hal_tim.o
    0x0800f180   0x0800f180   0x00000010   Code   RO          868    i.UART7_IRQHandler  stm32h7xx_it.o
    0x0800f190   0x0800f190   0x00000058   Code   RO         7825    i.UARTEx_SetNbDataToProcess  stm32h7xx_hal_uart_ex.o
    0x0800f1e8   0x0800f1e8   0x000000f8   Code   RO         7429    i.UART_AdvFeatureConfig  stm32h7xx_hal_uart.o
    0x0800f2e0   0x0800f2e0   0x000000ea   Code   RO         7430    i.UART_CheckIdleState  stm32h7xx_hal_uart.o
    0x0800f3ca   0x0800f3ca   0x00000018   Code   RO         7431    i.UART_DMAAbortOnError  stm32h7xx_hal_uart.o
    0x0800f3e2   0x0800f3e2   0x00000002   PAD
    0x0800f3e4   0x0800f3e4   0x0000006c   Code   RO         7441    i.UART_EndRxTransfer  stm32h7xx_hal_uart.o
    0x0800f450   0x0800f450   0x00000030   Code   RO         7442    i.UART_EndTransmit_IT  stm32h7xx_hal_uart.o
    0x0800f480   0x0800f480   0x00000104   Code   RO         7444    i.UART_RxISR_16BIT  stm32h7xx_hal_uart.o
    0x0800f584   0x0800f584   0x000001fc   Code   RO         7445    i.UART_RxISR_16BIT_FIFOEN  stm32h7xx_hal_uart.o
    0x0800f780   0x0800f780   0x00000104   Code   RO         7446    i.UART_RxISR_8BIT   stm32h7xx_hal_uart.o
    0x0800f884   0x0800f884   0x000001f8   Code   RO         7447    i.UART_RxISR_8BIT_FIFOEN  stm32h7xx_hal_uart.o
    0x0800fa7c   0x0800fa7c   0x00000628   Code   RO         7448    i.UART_SetConfig    stm32h7xx_hal_uart.o
    0x080100a4   0x080100a4   0x0000015c   Code   RO         7450    i.UART_Start_Receive_IT  stm32h7xx_hal_uart.o
    0x08010200   0x08010200   0x000000a2   Code   RO         7455    i.UART_WaitOnFlagUntilTimeout  stm32h7xx_hal_uart.o
    0x080102a2   0x080102a2   0x00000002   PAD
    0x080102a4   0x080102a4   0x00000010   Code   RO          869    i.USART10_IRQHandler  stm32h7xx_it.o
    0x080102b4   0x080102b4   0x00000010   Code   RO          870    i.USART1_IRQHandler  stm32h7xx_it.o
    0x080102c4   0x080102c4   0x00000010   Code   RO          871    i.USART2_IRQHandler  stm32h7xx_it.o
    0x080102d4   0x080102d4   0x00000010   Code   RO          872    i.USART3_IRQHandler  stm32h7xx_it.o
    0x080102e4   0x080102e4   0x000000c4   Code   RO         9956    i.USBD_CDC_DataIn   usbd_cdc.o
    0x080103a8   0x080103a8   0x00000048   Code   RO         9957    i.USBD_CDC_DataOut  usbd_cdc.o
    0x080103f0   0x080103f0   0x000000d4   Code   RO         9958    i.USBD_CDC_DeInit   usbd_cdc.o
    0x080104c4   0x080104c4   0x00000050   Code   RO         9959    i.USBD_CDC_EP0_RxReady  usbd_cdc.o
    0x08010514   0x08010514   0x00000010   Code   RO         9960    i.USBD_CDC_GetDeviceQualifierDescriptor  usbd_cdc.o
    0x08010524   0x08010524   0x00000044   Code   RO         9961    i.USBD_CDC_GetFSCfgDesc  usbd_cdc.o
    0x08010568   0x08010568   0x00000048   Code   RO         9962    i.USBD_CDC_GetHSCfgDesc  usbd_cdc.o
    0x080105b0   0x080105b0   0x00000044   Code   RO         9963    i.USBD_CDC_GetOtherSpeedCfgDesc  usbd_cdc.o
    0x080105f4   0x080105f4   0x000001a0   Code   RO         9964    i.USBD_CDC_Init     usbd_cdc.o
    0x08010794   0x08010794   0x00000050   Code   RO         9965    i.USBD_CDC_ReceivePacket  usbd_cdc.o
    0x080107e4   0x080107e4   0x00000018   Code   RO         9966    i.USBD_CDC_RegisterInterface  usbd_cdc.o
    0x080107fc   0x080107fc   0x0000001e   Code   RO         9967    i.USBD_CDC_SetRxBuffer  usbd_cdc.o
    0x0801081a   0x0801081a   0x00000024   Code   RO         9968    i.USBD_CDC_SetTxBuffer  usbd_cdc.o
    0x0801083e   0x0801083e   0x00000140   Code   RO         9969    i.USBD_CDC_Setup    usbd_cdc.o
    0x0801097e   0x0801097e   0x0000001c   Code   RO         9619    i.USBD_ClrClassConfig  usbd_core.o
    0x0801099a   0x0801099a   0x0000003e   Code   RO         9786    i.USBD_ClrFeature   usbd_ctlreq.o
    0x080109d8   0x080109d8   0x00000006   Code   RO         9620    i.USBD_CoreFindEP   usbd_core.o
    0x080109de   0x080109de   0x00000006   Code   RO         9621    i.USBD_CoreFindIF   usbd_core.o
    0x080109e4   0x080109e4   0x00000018   Code   RO         9892    i.USBD_CtlContinueRx  usbd_ioreq.o
    0x080109fc   0x080109fc   0x00000018   Code   RO         9893    i.USBD_CtlContinueSendData  usbd_ioreq.o
    0x08010a14   0x08010a14   0x00000018   Code   RO         9787    i.USBD_CtlError     usbd_ctlreq.o
    0x08010a2c   0x08010a2c   0x00000028   Code   RO         9894    i.USBD_CtlPrepareRx  usbd_ioreq.o
    0x08010a54   0x08010a54   0x0000001a   Code   RO         9895    i.USBD_CtlReceiveStatus  usbd_ioreq.o
    0x08010a6e   0x08010a6e   0x00000022   Code   RO         9896    i.USBD_CtlSendData  usbd_ioreq.o
    0x08010a90   0x08010a90   0x0000001a   Code   RO         9897    i.USBD_CtlSendStatus  usbd_ioreq.o
    0x08010aaa   0x08010aaa   0x00000056   Code   RO         9788    i.USBD_GetConfig    usbd_ctlreq.o
    0x08010b00   0x08010b00   0x00000232   Code   RO         9789    i.USBD_GetDescriptor  usbd_ctlreq.o
    0x08010d32   0x08010d32   0x00000050   Code   RO         9623    i.USBD_GetEpDesc    usbd_core.o
    0x08010d82   0x08010d82   0x00000016   Code   RO         9790    i.USBD_GetLen       usbd_ctlreq.o
    0x08010d98   0x08010d98   0x00000014   Code   RO         9624    i.USBD_GetNextDesc  usbd_core.o
    0x08010dac   0x08010dac   0x0000005a   Code   RO         9791    i.USBD_GetStatus    usbd_ctlreq.o
    0x08010e06   0x08010e06   0x00000054   Code   RO         9792    i.USBD_GetString    usbd_ctlreq.o
    0x08010e5a   0x08010e5a   0x0000002c   Code   RO         1269    i.USBD_Get_USB_Status  usbd_conf.o
    0x08010e86   0x08010e86   0x00000002   PAD
    0x08010e88   0x08010e88   0x00000034   Code   RO         1101    i.USBD_HS_ConfigStrDescriptor  usbd_desc.o
    0x08010ebc   0x08010ebc   0x00000010   Code   RO         1102    i.USBD_HS_DeviceDescriptor  usbd_desc.o
    0x08010ecc   0x08010ecc   0x00000038   Code   RO         1103    i.USBD_HS_InterfaceStrDescriptor  usbd_desc.o
    0x08010f04   0x08010f04   0x00000010   Code   RO         1104    i.USBD_HS_LangIDStrDescriptor  usbd_desc.o
    0x08010f14   0x08010f14   0x0000002c   Code   RO         1105    i.USBD_HS_ManufacturerStrDescriptor  usbd_desc.o
    0x08010f40   0x08010f40   0x00000040   Code   RO         1106    i.USBD_HS_ProductStrDescriptor  usbd_desc.o
    0x08010f80   0x08010f80   0x00000018   Code   RO         1107    i.USBD_HS_SerialStrDescriptor  usbd_desc.o
    0x08010f98   0x08010f98   0x0000003a   Code   RO         9625    i.USBD_Init         usbd_core.o
    0x08010fd2   0x08010fd2   0x00000026   Code   RO         1270    i.USBD_LL_ClearStallEP  usbd_conf.o
    0x08010ff8   0x08010ff8   0x00000026   Code   RO         1271    i.USBD_LL_CloseEP   usbd_conf.o
    0x0801101e   0x0801101e   0x00000108   Code   RO         9626    i.USBD_LL_DataInStage  usbd_core.o
    0x08011126   0x08011126   0x00000102   Code   RO         9627    i.USBD_LL_DataOutStage  usbd_core.o
    0x08011228   0x08011228   0x00000006   Code   RO         9628    i.USBD_LL_DevConnected  usbd_core.o
    0x0801122e   0x0801122e   0x00000026   Code   RO         9629    i.USBD_LL_DevDisconnected  usbd_core.o
    0x08011254   0x08011254   0x00000012   Code   RO         1275    i.USBD_LL_GetRxDataSize  usbd_conf.o
    0x08011266   0x08011266   0x00000002   PAD
    0x08011268   0x08011268   0x00000070   Code   RO         1276    i.USBD_LL_Init      usbd_conf.o
    0x080112d8   0x080112d8   0x00000038   Code   RO         1277    i.USBD_LL_IsStallEP  usbd_conf.o
    0x08011310   0x08011310   0x00000048   Code   RO         9630    i.USBD_LL_IsoINIncomplete  usbd_core.o
    0x08011358   0x08011358   0x00000048   Code   RO         9631    i.USBD_LL_IsoOUTIncomplete  usbd_core.o
    0x080113a0   0x080113a0   0x00000030   Code   RO         1278    i.USBD_LL_OpenEP    usbd_conf.o
    0x080113d0   0x080113d0   0x00000030   Code   RO         1279    i.USBD_LL_PrepareReceive  usbd_conf.o
    0x08011400   0x08011400   0x0000006c   Code   RO         9632    i.USBD_LL_Reset     usbd_core.o
    0x0801146c   0x0801146c   0x00000016   Code   RO         9633    i.USBD_LL_Resume    usbd_core.o
    0x08011482   0x08011482   0x00000028   Code   RO         9634    i.USBD_LL_SOF       usbd_core.o
    0x080114aa   0x080114aa   0x00000008   Code   RO         9635    i.USBD_LL_SetSpeed  usbd_core.o
    0x080114b2   0x080114b2   0x00000026   Code   RO         1280    i.USBD_LL_SetUSBAddress  usbd_conf.o
    0x080114d8   0x080114d8   0x00000076   Code   RO         9636    i.USBD_LL_SetupStage  usbd_core.o
    0x0801154e   0x0801154e   0x00000026   Code   RO         1281    i.USBD_LL_StallEP   usbd_conf.o
    0x08011574   0x08011574   0x0000001e   Code   RO         1282    i.USBD_LL_Start     usbd_conf.o
    0x08011592   0x08011592   0x0000001c   Code   RO         9637    i.USBD_LL_Suspend   usbd_core.o
    0x080115ae   0x080115ae   0x00000030   Code   RO         1284    i.USBD_LL_Transmit  usbd_conf.o
    0x080115de   0x080115de   0x00000036   Code   RO         9793    i.USBD_ParseSetupRequest  usbd_ctlreq.o
    0x08011614   0x08011614   0x00000048   Code   RO         9638    i.USBD_RegisterClass  usbd_core.o
    0x0801165c   0x0801165c   0x00000006   Code   RO         9639    i.USBD_RunTestMode  usbd_core.o
    0x08011662   0x08011662   0x0000005a   Code   RO         9794    i.USBD_SetAddress   usbd_ctlreq.o
    0x080116bc   0x080116bc   0x00000020   Code   RO         9640    i.USBD_SetClassConfig  usbd_core.o
    0x080116dc   0x080116dc   0x00000104   Code   RO         9795    i.USBD_SetConfig    usbd_ctlreq.o
    0x080117e0   0x080117e0   0x00000038   Code   RO         9796    i.USBD_SetFeature   usbd_ctlreq.o
    0x08011818   0x08011818   0x0000000c   Code   RO         9641    i.USBD_Start        usbd_core.o
    0x08011824   0x08011824   0x000000ae   Code   RO         9797    i.USBD_StdDevReq    usbd_ctlreq.o
    0x080118d2   0x080118d2   0x00000280   Code   RO         9798    i.USBD_StdEPReq     usbd_ctlreq.o
    0x08011b52   0x08011b52   0x000000ae   Code   RO         9799    i.USBD_StdItfReq    usbd_ctlreq.o
    0x08011c00   0x08011c00   0x00000002   Code   RO         1285    i.USBD_static_free  usbd_conf.o
    0x08011c02   0x08011c02   0x00000002   PAD
    0x08011c04   0x08011c04   0x0000000c   Code   RO         1286    i.USBD_static_malloc  usbd_conf.o
    0x08011c10   0x08011c10   0x000000d0   Code   RO         1777    i.USB_ActivateEndpoint  stm32h7xx_ll_usb.o
    0x08011ce0   0x08011ce0   0x00000028   Code   RO         1779    i.USB_ActivateSetup  stm32h7xx_ll_usb.o
    0x08011d08   0x08011d08   0x00000098   Code   RO         1781    i.USB_CoreInit      stm32h7xx_ll_usb.o
    0x08011da0   0x08011da0   0x00000058   Code   RO         1782    i.USB_CoreReset     stm32h7xx_ll_usb.o
    0x08011df8   0x08011df8   0x0000014c   Code   RO         1785    i.USB_DeactivateEndpoint  stm32h7xx_ll_usb.o
    0x08011f44   0x08011f44   0x00000024   Code   RO         1786    i.USB_DevConnect    stm32h7xx_ll_usb.o
    0x08011f68   0x08011f68   0x00000024   Code   RO         1787    i.USB_DevDisconnect  stm32h7xx_ll_usb.o
    0x08011f8c   0x08011f8c   0x000001d8   Code   RO         1788    i.USB_DevInit       stm32h7xx_ll_usb.o
    0x08012164   0x08012164   0x0000000e   Code   RO         1789    i.USB_DisableGlobalInt  stm32h7xx_ll_usb.o
    0x08012172   0x08012172   0x00000002   PAD
    0x08012174   0x08012174   0x00000070   Code   RO         1792    i.USB_EP0_OutStart  stm32h7xx_ll_usb.o
    0x080121e4   0x080121e4   0x0000008e   Code   RO         1793    i.USB_EPClearStall  stm32h7xx_ll_usb.o
    0x08012272   0x08012272   0x0000009a   Code   RO         1794    i.USB_EPSetStall    stm32h7xx_ll_usb.o
    0x0801230c   0x0801230c   0x000003b4   Code   RO         1795    i.USB_EPStartXfer   stm32h7xx_ll_usb.o
    0x080126c0   0x080126c0   0x000000ec   Code   RO         1796    i.USB_EPStopXfer    stm32h7xx_ll_usb.o
    0x080127ac   0x080127ac   0x0000000e   Code   RO         1797    i.USB_EnableGlobalInt  stm32h7xx_ll_usb.o
    0x080127ba   0x080127ba   0x00000002   PAD
    0x080127bc   0x080127bc   0x00000054   Code   RO         1798    i.USB_FlushRxFifo   stm32h7xx_ll_usb.o
    0x08012810   0x08012810   0x00000058   Code   RO         1799    i.USB_FlushTxFifo   stm32h7xx_ll_usb.o
    0x08012868   0x08012868   0x00000026   Code   RO         1801    i.USB_GetDevSpeed   stm32h7xx_ll_usb.o
    0x0801288e   0x0801288e   0x0000000a   Code   RO         1803    i.USB_GetMode       stm32h7xx_ll_usb.o
    0x08012898   0x08012898   0x00000014   Code   RO         1811    i.USB_ReadDevAllInEpInterrupt  stm32h7xx_ll_usb.o
    0x080128ac   0x080128ac   0x00000014   Code   RO         1812    i.USB_ReadDevAllOutEpInterrupt  stm32h7xx_ll_usb.o
    0x080128c0   0x080128c0   0x00000032   Code   RO         1813    i.USB_ReadDevInEPInterrupt  stm32h7xx_ll_usb.o
    0x080128f2   0x080128f2   0x0000001a   Code   RO         1814    i.USB_ReadDevOutEPInterrupt  stm32h7xx_ll_usb.o
    0x0801290c   0x0801290c   0x0000000a   Code   RO         1815    i.USB_ReadInterrupts  stm32h7xx_ll_usb.o
    0x08012916   0x08012916   0x00000060   Code   RO         1816    i.USB_ReadPacket    stm32h7xx_ll_usb.o
    0x08012976   0x08012976   0x00000068   Code   RO         1818    i.USB_SetCurrentMode  stm32h7xx_ll_usb.o
    0x080129de   0x080129de   0x0000002a   Code   RO         1819    i.USB_SetDevAddress  stm32h7xx_ll_usb.o
    0x08012a08   0x08012a08   0x00000012   Code   RO         1820    i.USB_SetDevSpeed   stm32h7xx_ll_usb.o
    0x08012a1a   0x08012a1a   0x00000002   PAD
    0x08012a1c   0x08012a1c   0x000000e8   Code   RO         1821    i.USB_SetTurnaroundTime  stm32h7xx_ll_usb.o
    0x08012b04   0x08012b04   0x00000044   Code   RO         1824    i.USB_WritePacket   stm32h7xx_ll_usb.o
    0x08012b48   0x08012b48   0x00000014   Code   RO          873    i.UsageFault_Handler  stm32h7xx_it.o
    0x08012b5c   0x08012b5c   0x000000b0   Code   RO        10307    i.WS2812_Ctrl       ws2812.o
    0x08012c0c   0x08012c0c   0x00000034   Code   RO        11708    i.__0snprintf       mc_w.l(printfa.o)
    0x08012c40   0x08012c40   0x00000026   Code   RO        11782    i.__ARM_fpclassifyf  m_wv.l(fpclassifyf.o)
    0x08012c66   0x08012c66   0x0000000e   Code   RO        10895    i.__ARM_isnanf      gimbal_task.o
    0x08012c74   0x08012c74   0x00000010   Code   RO         3521    i.__NVIC_GetPriorityGrouping  stm32h7xx_hal_cortex.o
    0x08012c84   0x08012c84   0x00000028   Code   RO         3522    i.__NVIC_SetPriority  stm32h7xx_hal_cortex.o
    0x08012cac   0x08012cac   0x00000008   Code   RO        11846    i.__aeabi_errno_addr  mc_w.l(errno.o)
    0x08012cb4   0x08012cb4   0x00000138   Code   RO        11399    i.__hardfp_asinf    m_wv.l(asinf.o)
    0x08012dec   0x08012dec   0x000002b4   Code   RO        11411    i.__hardfp_atan2f   m_wv.l(atan2f.o)
    0x080130a0   0x080130a0   0x000000c8   Code   RO        11447    i.__hardfp_lroundf  m_wv.l(lroundf.o)
    0x08013168   0x08013168   0x00000006   Code   RO        11785    i.__mathlib_flt_infnan  m_wv.l(funder.o)
    0x0801316e   0x0801316e   0x00000006   Code   RO        11786    i.__mathlib_flt_infnan2  m_wv.l(funder.o)
    0x08013174   0x08013174   0x00000010   Code   RO        11787    i.__mathlib_flt_invalid  m_wv.l(funder.o)
    0x08013184   0x08013184   0x00000010   Code   RO        11790    i.__mathlib_flt_underflow  m_wv.l(funder.o)
    0x08013194   0x08013194   0x0000000e   Code   RO        11922    i.__scatterload_copy  mc_w.l(handlers.o)
    0x080131a2   0x080131a2   0x00000002   Code   RO        11923    i.__scatterload_null  mc_w.l(handlers.o)
    0x080131a4   0x080131a4   0x0000000e   Code   RO        11924    i.__scatterload_zeroinit  mc_w.l(handlers.o)
    0x080131b2   0x080131b2   0x00000002   PAD
    0x080131b4   0x080131b4   0x0000000c   Code   RO        11848    i.__set_errno       mc_w.l(errno.o)
    0x080131c0   0x080131c0   0x00000184   Code   RO        11714    i._fp_digits        mc_w.l(printfa.o)
    0x08013344   0x08013344   0x000006b4   Code   RO        11715    i._printf_core      mc_w.l(printfa.o)
    0x080139f8   0x080139f8   0x00000024   Code   RO        11716    i._printf_post_padding  mc_w.l(printfa.o)
    0x08013a1c   0x08013a1c   0x0000002e   Code   RO        11717    i._printf_pre_padding  mc_w.l(printfa.o)
    0x08013a4a   0x08013a4a   0x00000016   Code   RO        11718    i._snputc           mc_w.l(printfa.o)
    0x08013a60   0x08013a60   0x00000128   Code   RO        10340    i.bmi088_accel_init  bmi088driver.o
    0x08013b88   0x08013b88   0x000000f4   Code   RO        10341    i.bmi088_gyro_init  bmi088driver.o
    0x08013c7c   0x08013c7c   0x00000058   Code   RO        10479    i.can_bsp_init      can_bsp.o
    0x08013cd4   0x08013cd4   0x00000038   Code   RO        10480    i.can_filter_configure  can_bsp.o
    0x08013d0c   0x08013d0c   0x00000024   Code   RO        10481    i.can_filter_init   can_bsp.o
    0x08013d30   0x08013d30   0x000001b4   Code   RO        10896    i.commUARTCallback  gimbal_task.o
    0x08013ee4   0x08013ee4   0x0000002c   Code   RO        10482    i.fdcan1_rx_callback  can_bsp.o
    0x08013f10   0x08013f10   0x0000002c   Code   RO        10483    i.fdcan2_rx_callback  can_bsp.o
    0x08013f3c   0x08013f3c   0x0000002c   Code   RO        10484    i.fdcan3_rx_callback  can_bsp.o
    0x08013f68   0x08013f68   0x0000003a   Code   RO        10486    i.fdcanx_send_data  can_bsp.o
    0x08013fa2   0x08013fa2   0x00000002   PAD
    0x08013fa4   0x08013fa4   0x0000001c   Code   RO        10897    i.gimbal_apply_home  gimbal_task.o
    0x08013fc0   0x08013fc0   0x00000044   Code   RO        10898    i.gimbal_axis_enable  gimbal_task.o
    0x08014004   0x08014004   0x00000002   Code   RO        10899    i.gimbal_control_step_200hz  gimbal_task.o
    0x08014006   0x08014006   0x00000002   PAD
    0x08014008   0x08014008   0x00000020   Code   RO        10901    i.gimbal_request_angle  gimbal_task.o
    0x08014028   0x08014028   0x0000003c   Code   RO        10903    i.gimbal_send_speed  gimbal_task.o
    0x08014064   0x08014064   0x000003a8   Code   RO        10904    i.gimbal_step_imu_execute  gimbal_task.o
    0x0801440c   0x0801440c   0x0000003c   Code   RO        11063    i.invSqrt           mahonyahrs.o
    0x08014448   0x08014448   0x00000060   Code   RO          250    i.main              main.o
    0x080144a8   0x080144a8   0x0000000e   Code   RO         9105    i.makeFreeRtosPriority  cmsis_os.o
    0x080144b6   0x080144b6   0x00000016   Code   RO        10164    i.mypow             lcd.o
    0x080144cc   0x080144cc   0x00000018   Code   RO         9107    i.osDelay           cmsis_os.o
    0x080144e4   0x080144e4   0x0000000a   Code   RO         9110    i.osKernelStart     cmsis_os.o
    0x080144ee   0x080144ee   0x0000005e   Code   RO         9144    i.osThreadCreate    cmsis_os.o
    0x0801454c   0x0801454c   0x000000ee   Code   RO        10905    i.pid_calc          gimbal_task.o
    0x0801463a   0x0801463a   0x00000002   PAD
    0x0801463c   0x0801463c   0x00000098   Code   RO         8549    i.prvAddCurrentTaskToDelayedList  tasks.o
    0x080146d4   0x080146d4   0x000000b8   Code   RO         8550    i.prvAddNewTaskToReadyList  tasks.o
    0x0801478c   0x0801478c   0x00000074   Code   RO         8925    i.prvCheckForValidListAndQueue  timers.o
    0x08014800   0x08014800   0x00000048   Code   RO         8551    i.prvCheckTasksWaitingTermination  tasks.o
    0x08014848   0x08014848   0x0000002a   Code   RO         8136    i.prvCopyDataFromQueue  queue.o
    0x08014872   0x08014872   0x0000007e   Code   RO         8137    i.prvCopyDataToQueue  queue.o
    0x080148f0   0x080148f0   0x00000050   Code   RO         8552    i.prvDeleteTCB      tasks.o
    0x08014940   0x08014940   0x00000028   Code   RO         8926    i.prvGetNextExpireTime  timers.o
    0x08014968   0x08014968   0x0000007c   Code   RO         9484    i.prvHeapInit       heap_4.o
    0x080149e4   0x080149e4   0x00000028   Code   RO         8553    i.prvIdleTask       tasks.o
    0x08014a0c   0x08014a0c   0x0000002a   Code   RO         8140    i.prvInitialiseNewQueue  queue.o
    0x08014a36   0x08014a36   0x000000be   Code   RO         8554    i.prvInitialiseNewTask  tasks.o
    0x08014af4   0x08014af4   0x00000068   Code   RO         8555    i.prvInitialiseTaskLists  tasks.o
    0x08014b5c   0x08014b5c   0x00000068   Code   RO         9485    i.prvInsertBlockIntoFreeList  heap_4.o
    0x08014bc4   0x08014bc4   0x00000058   Code   RO         8928    i.prvInsertTimerInActiveList  timers.o
    0x08014c1c   0x08014c1c   0x0000001a   Code   RO         8141    i.prvIsQueueEmpty   queue.o
    0x08014c36   0x08014c36   0x0000001e   Code   RO         8142    i.prvIsQueueFull    queue.o
    0x08014c54   0x08014c54   0x00000074   Code   RO         8929    i.prvProcessExpiredTimer  timers.o
    0x08014cc8   0x08014cc8   0x00000164   Code   RO         8930    i.prvProcessReceivedCommands  timers.o
    0x08014e2c   0x08014e2c   0x00000074   Code   RO         8931    i.prvProcessTimerOrBlockTask  timers.o
    0x08014ea0   0x08014ea0   0x00000034   Code   RO         8557    i.prvResetNextTaskUnblockTime  tasks.o
    0x08014ed4   0x08014ed4   0x0000002c   Code   RO         8932    i.prvSampleTimeNow  timers.o
    0x08014f00   0x08014f00   0x000000a4   Code   RO         8933    i.prvSwitchTimerLists  timers.o
    0x08014fa4   0x08014fa4   0x00000040   Code   RO         9541    i.prvTaskExitError  port.o
    0x08014fe4   0x08014fe4   0x0000001a   Code   RO         8934    i.prvTimerTask      timers.o
    0x08014ffe   0x08014ffe   0x0000007e   Code   RO         8143    i.prvUnlockQueue    queue.o
    0x0801507c   0x0801507c   0x0000014c   Code   RO         9486    i.pvPortMalloc      heap_4.o
    0x080151c8   0x080151c8   0x0000002c   Code   RO         9542    i.pxPortInitialiseStack  port.o
    0x080151f4   0x080151f4   0x00000024   Code   RO        10906    i.rpm_to_raw        gimbal_task.o
    0x08015218   0x08015218   0x0000003e   Code   RO        11811    i.sqrtf             m_wv.l(sqrtf.o)
    0x08015256   0x08015256   0x00000002   PAD
    0x08015258   0x08015258   0x00000018   Code   RO        10907    i.start_uart7_rx    gimbal_task.o
    0x08015270   0x08015270   0x00000018   Code   RO        10908    i.start_vision_uart  gimbal_task.o
    0x08015288   0x08015288   0x00000028   Code   RO         8096    i.uxListRemove      list.o
    0x080152b0   0x080152b0   0x00000018   Code   RO          414    i.vApplicationGetIdleTaskMemory  freertos.o
    0x080152c8   0x080152c8   0x00000018   Code   RO          415    i.vApplicationGetTimerTaskMemory  freertos.o
    0x080152e0   0x080152e0   0x0000001a   Code   RO         8097    i.vListInitialise   list.o
    0x080152fa   0x080152fa   0x00000006   Code   RO         8098    i.vListInitialiseItem  list.o
    0x08015300   0x08015300   0x00000034   Code   RO         8099    i.vListInsert       list.o
    0x08015334   0x08015334   0x00000018   Code   RO         8100    i.vListInsertEnd    list.o
    0x0801534c   0x0801534c   0x00000054   Code   RO         9544    i.vPortEnterCritical  port.o
    0x080153a0   0x080153a0   0x0000003c   Code   RO         9545    i.vPortExitCritical  port.o
    0x080153dc   0x080153dc   0x000000a4   Code   RO         9487    i.vPortFree         heap_4.o
    0x08015480   0x08015480   0x00000028   Code   RO         9546    i.vPortSetupTimerInterrupt  port.o
    0x080154a8   0x080154a8   0x00000078   Code   RO         9547    i.vPortValidateInterruptPriority  port.o
    0x08015520   0x08015520   0x0000002c   Code   RO         8149    i.vQueueAddToRegistry  queue.o
    0x0801554c   0x0801554c   0x0000004a   Code   RO         8153    i.vQueueWaitForMessageRestricted  queue.o
    0x08015596   0x08015596   0x00000002   PAD
    0x08015598   0x08015598   0x0000005c   Code   RO         8570    i.vTaskDelay        tasks.o
    0x080155f4   0x080155f4   0x000000d4   Code   RO         8571    i.vTaskDelayUntil   tasks.o
    0x080156c8   0x080156c8   0x00000018   Code   RO         8575    i.vTaskInternalSetTimeOutState  tasks.o
    0x080156e0   0x080156e0   0x0000000c   Code   RO         8576    i.vTaskMissedYield  tasks.o
    0x080156ec   0x080156ec   0x00000038   Code   RO         8578    i.vTaskPlaceOnEventList  tasks.o
    0x08015724   0x08015724   0x00000040   Code   RO         8579    i.vTaskPlaceOnEventListRestricted  tasks.o
    0x08015764   0x08015764   0x000000b8   Code   RO         8587    i.vTaskStartScheduler  tasks.o
    0x0801581c   0x0801581c   0x00000010   Code   RO         8589    i.vTaskSuspendAll   tasks.o
    0x0801582c   0x0801582c   0x0000008c   Code   RO         8590    i.vTaskSwitchContext  tasks.o
    0x080158b8   0x080158b8   0x0000003c   Code   RO        10909    i.wrap_deg          gimbal_task.o
    0x080158f4   0x080158f4   0x00000168   Code   RO         9548    i.xPortStartScheduler  port.o
    0x08015a5c   0x08015a5c   0x000000e0   Code   RO         8159    i.xQueueGenericCreateStatic  queue.o
    0x08015b3c   0x08015b3c   0x00000098   Code   RO         8160    i.xQueueGenericReset  queue.o
    0x08015bd4   0x08015bd4   0x000001a8   Code   RO         8161    i.xQueueGenericSend  queue.o
    0x08015d7c   0x08015d7c   0x000000fc   Code   RO         8162    i.xQueueGenericSendFromISR  queue.o
    0x08015e78   0x08015e78   0x00000168   Code   RO         8171    i.xQueueReceive     queue.o
    0x08015fe0   0x08015fe0   0x0000008c   Code   RO         8592    i.xTaskCheckForTimeOut  tasks.o
    0x0801606c   0x0801606c   0x00000064   Code   RO         8593    i.xTaskCreate       tasks.o
    0x080160d0   0x080160d0   0x000000ba   Code   RO         8594    i.xTaskCreateStatic  tasks.o
    0x0801618a   0x0801618a   0x00000002   PAD
    0x0801618c   0x0801618c   0x00000020   Code   RO         8598    i.xTaskGetSchedulerState  tasks.o
    0x080161ac   0x080161ac   0x0000000c   Code   RO         8599    i.xTaskGetTickCount  tasks.o
    0x080161b8   0x080161b8   0x00000148   Code   RO         8601    i.xTaskIncrementTick  tasks.o
    0x08016300   0x08016300   0x000000c8   Code   RO         8604    i.xTaskPriorityDisinherit  tasks.o
    0x080163c8   0x080163c8   0x00000098   Code   RO         8606    i.xTaskRemoveFromEventList  tasks.o
    0x08016460   0x08016460   0x00000104   Code   RO         8607    i.xTaskResumeAll    tasks.o
    0x08016564   0x08016564   0x00000078   Code   RO         8943    i.xTimerCreateTimerTask  timers.o
    0x080165dc   0x080165dc   0x00000084   Code   RO         8944    i.xTimerGenericCommand  timers.o
    0x08016660   0x08016660   0x0000004c   Code   RO        10910    i.yaw_deg_from_imu  gimbal_task.o
    0x080166ac   0x080166ac   0x000000a8   Data   RO          417    .constdata          freertos.o
    0x08016754   0x08016754   0x00000008   Data   RO         2824    .constdata          stm32h7xx_hal_dma.o
    0x0801675c   0x0801675c   0x0000005c   Data   RO         5240    .constdata          stm32h7xx_hal_fdcan.o
    0x080167b8   0x080167b8   0x00000018   Data   RO         7456    .constdata          stm32h7xx_hal_uart.o
    0x080167d0   0x080167d0   0x00000010   Data   RO         7827    .constdata          stm32h7xx_hal_uart_ex.o
    0x080167e0   0x080167e0   0x00000010   Data   RO         7936    .constdata          system_stm32h7xx.o
    0x080167f0   0x080167f0   0x00003814   Data   RO        10165    .constdata          lcd.o
    0x0801a004   0x0801a004   0x00000c80   Data   RO        10762    .constdata          lcd_task.o
    0x0801ac84   0x0801ac84   0x00000018   Data   RO        10913    .constdata          gimbal_task.o
    0x0801ac9c   0x0801ac9c   0x00000081   Data   RO        11885    .constdata          mc_w.l(ctype_o.o)
    0x0801ad1d   0x0801ad1d   0x00000003   PAD
    0x0801ad20   0x0801ad20   0x00000004   Data   RO        11886    .constdata          mc_w.l(ctype_o.o)
    0x0801ad24   0x0801ad24   0x00000038   Data   RO          418    .conststring        freertos.o
    0x0801ad5c   0x0801ad5c   0x00000020   Data   RO        11920    Region$$Table       anon$$obj.o


    Execution Region RW_IRAM1 (Exec base: 0x20000000, Load base: 0x0801ad7c, Size: 0x00000000, Max: 0x00020000, ABSOLUTE)

    **** No section assigned to this execution region ****


    Execution Region RW_IRAM2 (Exec base: 0x24000000, Load base: 0x0801ad7c, Size: 0x00009930, Max: 0x00050000, ABSOLUTE, COMPRESSED[0x00000158])

    Exec Addr    Load Addr    Size         Type   Attr      Idx    E Section Name        Object

    0x24000000   COMPRESSED   0x00000018   Data   RW          419    .data               freertos.o
    0x24000018   COMPRESSED   0x00000004   Data   RW          566    .data               fdcan.o
    0x2400001c   COMPRESSED   0x00000001   Data   RW          874    .data               stm32h7xx_it.o
    0x2400001d   COMPRESSED   0x00000003   PAD
    0x24000020   COMPRESSED   0x0000005e   Data   RW         1110    .data               usbd_desc.o
    0x2400007e   COMPRESSED   0x00000002   PAD
    0x24000080   COMPRESSED   0x00000014   Data   RW         1202    .data               usbd_cdc_if.o
    0x24000094   COMPRESSED   0x00000009   Data   RW         3702    .data               stm32h7xx_hal.o
    0x2400009d   COMPRESSED   0x00000003   PAD
    0x240000a0   COMPRESSED   0x00000008   Data   RW         7937    .data               system_stm32h7xx.o
    0x240000a8   COMPRESSED   0x0000003c   Data   RW         8610    .data               tasks.o
    0x240000e4   COMPRESSED   0x00000014   Data   RW         8952    .data               timers.o
    0x240000f8   COMPRESSED   0x00000020   Data   RW         9493    .data               heap_4.o
    0x24000118   COMPRESSED   0x0000000c   Data   RW         9549    .data               port.o
    0x24000124   COMPRESSED   0x00000001   Data   RW         9800    .data               usbd_ctlreq.o
    0x24000125   COMPRESSED   0x00000003   PAD
    0x24000128   COMPRESSED   0x0000008a   Data   RW         9971    .data               usbd_cdc.o
    0x240001b2   COMPRESSED   0x00000002   PAD
    0x240001b4   COMPRESSED   0x00000008   Data   RW        10066    .data               bsp_user_key.o
    0x240001bc   COMPRESSED   0x00000001   Data   RW        10099    .data               bsp_buzzer.o
    0x240001bd   COMPRESSED   0x00000003   PAD
    0x240001c0   COMPRESSED   0x0000002c   Data   RW        10342    .data               bmi088driver.o
    0x240001ec   COMPRESSED   0x00000019   Data   RW        10487    .data               can_bsp.o
    0x24000205   COMPRESSED   0x00000003   PAD
    0x24000208   COMPRESSED   0x00000008   Data   RW        10728    .data               key_task.o
    0x24000210   COMPRESSED   0x00000014   Data   RW        10800    .data               imu_task.o
    0x24000224   COMPRESSED   0x00000020   Data   RW        10853    .data               fun_test_task.o
    0x24000244   COMPRESSED   0x00000120   Data   RW        10914    .data               gimbal_task.o
    0x24000364   COMPRESSED   0x00000014   Data   RW        11064    .data               mahonyahrs.o
    0x24000378   COMPRESSED   0x00000004   Data   RW        11849    .data               mc_w.l(errno.o)
    0x2400037c        -       0x00002884   Zero   RW          416    .bss                freertos.o
    0x24002c00        -       0x000000e8   Zero   RW          497    .bss                adc.o
    0x24002ce8        -       0x000001e0   Zero   RW          565    .bss                fdcan.o
    0x24002ec8        -       0x0000005c   Zero   RW          618    .bss                octospi.o
    0x24002f24        -       0x00000198   Zero   RW          662    .bss                spi.o
    0x240030bc        -       0x00000130   Zero   RW          718    .bss                tim.o
    0x240031ec        -       0x000002e4   Zero   RW          785    .bss                usart.o
    0x240034d0        -       0x0000004c   Zero   RW         1028    .bss                stm32h7xx_hal_timebase_tim.o
    0x2400351c        -       0x000002dc   Zero   RW         1065    .bss                usb_device.o
    0x240037f8        -       0x00000200   Zero   RW         1109    .bss                usbd_desc.o
    0x240039f8        -       0x00001000   Zero   RW         1201    .bss                usbd_cdc_if.o
    0x240049f8        -       0x0000072c   Zero   RW         1287    .bss                usbd_conf.o
    0x24005124        -       0x00000040   Zero   RW         8175    .bss                queue.o
    0x24005164        -       0x000000f0   Zero   RW         8609    .bss                tasks.o
    0x24005254        -       0x00000118   Zero   RW         8951    .bss                timers.o
    0x2400536c        -       0x00003c00   Zero   RW         9492    .bss                heap_4.o
    0x24008f6c        -       0x00000034   Zero   RW        10799    .bss                imu_task.o
    0x24008fa0        -       0x0000018c   Zero   RW        10912    .bss                gimbal_task.o
    0x2400912c   COMPRESSED   0x00000004   PAD
    0x24009130        -       0x00000800   Zero   RW            1    STACK               startup_stm32h723xx.o


==============================================================================

Image component sizes


      Code (inc. data)   RO Data    RW Data    ZI Data      Debug   Object Name

       496         42          0          0        232       2235   adc.o
      1030         20          0         44          0       6482   bmi088driver.o
       216         28          0          0          0       4832   bmi088middleware.o
        96         32          0          1          0       2127   bsp_buzzer.o
       124         12          0          8          0       1389   bsp_user_key.o
       426         66          0         25          0       5491   can_bsp.o
       142          0          0          0          0      23227   cmsis_os.o
        52          4          0          0          0        914   dma.o
         0          0          0          0          0      19844   event_groups.o
       944         56          0          4        480       3609   fdcan.o
       242         48        224         24      10372       9152   freertos.o
       368        122          0         32          0       2382   fun_test_task.o
      2814        440         24        288        396      20928   gimbal_task.o
       472         26          0          0          0       1335   gpio.o
       724         74          0         32      15360       5071   heap_4.o
       664         68          0         20         52       3670   imu_task.o
       292         36          0          8          0       2123   key_task.o
      3128         58      14356          0          0      17105   lcd.o
       200         30       3200          0          0       1059   lcd_task.o
       148          0          0          0          0       3782   list.o
       820         38          0         20          0       2282   mahonyahrs.o
       334         10          0          0          0      30672   main.o
       680         62          0          0         92       3052   octospi.o
      1014         92          0         12          0      12329   port.o
      1922         20          0          0         64      17760   queue.o
       892         60          0          0        408       3523   spi.o
        36          8        716          0       2048        844   startup_stm32h723xx.o
       172         34          0          9          0      23090   stm32h7xx_hal.o
      4208        234          0          0          0      85940   stm32h7xx_hal_adc.o
       560         30          0          0          0      68697   stm32h7xx_hal_adc_ex.o
       258         22          0          0          0      39362   stm32h7xx_hal_cortex.o
      8650        164          8          0          0      13598   stm32h7xx_hal_dma.o
      3644         52         92          0          0      23633   stm32h7xx_hal_fdcan.o
       888         96          0          0          0       3861   stm32h7xx_hal_gpio.o
        48          6          0          0          0        970   stm32h7xx_hal_msp.o
      2422         38          0          0          0       6563   stm32h7xx_hal_ospi.o
      3650         16          0          0          0      14212   stm32h7xx_hal_pcd.o
       130          4          0          0          0       3289   stm32h7xx_hal_pcd_ex.o
       116         12          0          0          0       1374   stm32h7xx_hal_pwr_ex.o
      3684        134          0          0          0       8637   stm32h7xx_hal_rcc.o
      7664        184          0          0          0      10815   stm32h7xx_hal_rcc_ex.o
      2232         12          0          0          0       6876   stm32h7xx_hal_spi.o
      2752        284          0          0          0      14749   stm32h7xx_hal_tim.o
       466         46          0          0          0       4292   stm32h7xx_hal_tim_ex.o
       148         20          0          0         76       1652   stm32h7xx_hal_timebase_tim.o
      5860        210         24          0          0      37656   stm32h7xx_hal_uart.o
       610         14         16          0          0       7559   stm32h7xx_hal_uart_ex.o
       418        160          0          1          0      10774   stm32h7xx_it.o
      3890        100          0          0          0      23392   stm32h7xx_ll_usb.o
         0          0          0          0          0        392   stream_buffer.o
       224         32         16          8          0       1446   system_stm32h7xx.o
      3084        358          0         60        240      29288   tasks.o
      1088         78          0          0        304       4996   tim.o
      1318        124          0         20        280      31107   timers.o
      1380         88          0          0        740       5074   usart.o
        80         16          0          0        732        816   usb_device.o
      1690         48          0        138          0      13863   usbd_cdc.o
       148         16          0         20       4096       3746   usbd_cdc_if.o
       956         30          0          0       1836      18128   usbd_conf.o
      1354          0          0          0          0      17021   usbd_core.o
      2396         22          0          1          0      18368   usbd_ctlreq.o
       386        122          0         94        512       7245   usbd_desc.o
       174          0          0          0          0       4944   usbd_ioreq.o
         0          0          0          0          0    1309347   vofa.o
       176          6          0          0          0        882   ws2812.o

    ----------------------------------------------------------------------
     85270       4264      18708        888      38324    2084873   Object Totals
         0          0         32          0          0          0   (incl. Generated)
        70          0          0         19          4          0   (incl. Padding)

    ----------------------------------------------------------------------

      Code (inc. data)   RO Data    RW Data    ZI Data      Debug   Library Member Name

       312         54          0          0          0        176   asinf.o
       692         98          0          0          0        208   atan2f.o
        38          0          0          0          0        116   fpclassifyf.o
        44         12          0          0          0        464   funder.o
       200          6          0          0          0        144   lroundf.o
        62          0          0          0          0        136   sqrtf.o
        86          0          0          0          0          0   __dczerorl2.o
        28          0          0          0          0         68   _chval.o
       158          0          0          0          0         92   _strtoul.o
        26          0          0          0          0         80   atoi.o
         8          4        133          0          0         68   ctype_o.o
         0          0          0          0          0          0   entry.o
         0          0          0          0          0          0   entry10a.o
         0          0          0          0          0          0   entry11a.o
         4          0          0          0          0          0   entry12b.o
         8          4          0          0          0          0   entry2.o
         4          0          0          0          0          0   entry5.o
         0          0          0          0          0          0   entry7b.o
         0          0          0          0          0          0   entry8b.o
         8          4          0          0          0          0   entry9a.o
        20         10          0          4          0        136   errno.o
        30          0          0          0          0          0   handlers.o
        36          8          0          0          0         68   init.o
         0          0          0          0          0          0   iusefp.o
        30          0          0          0          0         68   llshl.o
        36          0          0          0          0         68   llsshr.o
        32          0          0          0          0         68   llushr.o
        26          0          0          0          0         80   memcmp.o
        36          0          0          0          0         68   memcpya.o
        36          0          0          0          0        108   memseta.o
      2260         84          0          0          0        536   printfa.o
        14          0          0          0          0         68   strlen.o
        30          0          0          0          0         80   strncmp.o
       112          0          0          0          0         88   strtol.o
        44          0          0          0          0         80   uidiv.o
        98          0          0          0          0         92   uldiv.o
        48          0          0          0          0         68   cdrcmple.o
       334          0          0          0          0        148   dadd.o
       222          0          0          0          0        100   ddiv.o
       186          0          0          0          0        176   depilogue.o
        48          0          0          0          0         68   dfixul.o
       228          0          0          0          0         96   dmul.o
       110          0          0          0          0        168   fepilogue.o
        76          0          0          0          0         76   ffixir.o
        60          0          0          0          0         76   frnd.o

    ----------------------------------------------------------------------
      5834        284        136          4          0       4136   Library Totals
         4          0          3          0          0          0   (incl. Padding)

    ----------------------------------------------------------------------

      Code (inc. data)   RO Data    RW Data    ZI Data      Debug   Library Name

      1348        170          0          0          0       1244   m_wv.l
      3170        114        133          4          0       1916   mc_w.l
      1312          0          0          0          0        976   mf_w.l

    ----------------------------------------------------------------------
      5834        284        136          4          0       4136   Library Totals

    ----------------------------------------------------------------------

==============================================================================


      Code (inc. data)   RO Data    RW Data    ZI Data      Debug   

     91104       4548      18844        892      38324    2036485   Grand Totals
     91104       4548      18844        344      38324    2036485   ELF Image Totals (compressed)
     91104       4548      18844        344          0          0   ROM Totals

==============================================================================

    Total RO  Size (Code + RO Data)               109948 ( 107.37kB)
    Total RW  Size (RW Data + ZI Data)             39216 (  38.30kB)
    Total ROM Size (Code + RO Data + RW Data)     110292 ( 107.71kB)

==============================================================================

