<html>
<body>
<pre>
<h1>�Vision Build Log</h1>
<h2>Tool Versions:</h2>
IDE-Version: ��Vision V5.32.0.0
Copyright (C) 2020 ARM Ltd and ARM Germany GmbH. All rights reserved.
License Information: 1 GG bond, 1, LIC=X96CK-ZNXVG-DYVV3-A6DHW-31TV1-GCPPT
 
Tool Versions:
Toolchain:       MDK-ARM Plus  Version: 5.32.0.0
Toolchain Path:  D:\keil5_32\ARM\ARMCC\Bin
C Compiler:      Armcc.exe V5.06 update 7 (build 960)
Assembler:       Armasm.exe V5.06 update 7 (build 960)
Linker/Locator:  ArmLink.exe V5.06 update 7 (build 960)
Library Manager: ArmAr.exe V5.06 update 7 (build 960)
Hex Converter:   FromElf.exe V5.06 update 7 (build 960)
CPU DLL:         SARMCM3.DLL V5.32.0.0
Dialog DLL:      DCM.DLL V1.17.3.0
Target DLL:      STLink\ST-LINKIII-KEIL_SWO.dll V3.0.8.0
Dialog DLL:      TCM.DLL V1.46.0.0
 
<h2>Project:</h2>
D:\Ƕ��ʽ\���ټ�ѵ\hole_project\speed_control\MDK-ARM\CtrBoard-H7_ALL.uvprojx
Project File Date:  01/28/2026

<h2>Output:</h2>
*** Using Compiler 'V5.06 update 7 (build 960)', folder: 'D:\keil5_32\ARM\ARMCC\Bin'
Build target 'CtrBoard-H7_ALL'
compiling gimbal_task.c...
..\App\gimbal_task.c(224): warning:  #177-D: variable "imu_print_div"  was declared but never referenced
  	uint32_t imu_print_div = 0;
..\App\gimbal_task.c(461): warning:  #185-D: dynamic initialization in unreachable code
      int32_t raw_yaw = vision_values[0];
..\App\gimbal_task.c(512): warning:  #177-D: variable "motor_yaw_current"  was declared but never referenced
      float motor_yaw_current = g_axis_table[GIMBAL_AXIS_YAW].current_angle_deg;
..\App\gimbal_task.c(355): warning:  #177-D: function "gimbal_le32_to_i32"  was declared but never referenced
  static int32_t gimbal_le32_to_i32(const uint8_t *data)
..\App\gimbal_task.c(186): warning:  #550-D: variable "world_target_initialized"  was set but never used
  static bool world_target_initialized = false; // 目标角度是否已初始化
..\App\gimbal_task.c(196): warning:  #550-D: variable "chassis_turning_mode"  was set but never used
  static bool chassis_turning_mode = false;   // 底盘是否处于转弯状态，转弯时强制使用IMU增稳
..\App\gimbal_task.c(432): warning:  #177-D: function "yaw_deg_from_motor"  was declared but never referenced
  static float yaw_deg_from_motor(void)
..\App\gimbal_task.c(454): warning:  #177-D: variable "debug_cnt"  was declared but never referenced
  static uint32_t debug_cnt = 0;
..\App\gimbal_task.c: 8 warnings, 0 errors
linking...
Program Size: Code=91104 RO-data=18844 RW-data=892 ZI-data=38324  
FromELF: creating hex file...
"CtrBoard-H7_ALL\CtrBoard-H7_ALL.axf" - 0 Error(s), 8 Warning(s).

<h2>Software Packages used:</h2>

Package Vendor: ARM
                http://www.keil.com/pack/ARM.CMSIS.5.7.0.pack
                ARM.CMSIS.5.7.0
                CMSIS (Cortex Microcontroller Software Interface Standard)
   * Component: CORE Version: 5.4.0

Package Vendor: Keil
                https://www.keil.com/pack/Keil.STM32H7xx_DFP.4.1.3.pack
                Keil.STM32H7xx_DFP.4.1.3
                STMicroelectronics STM32H7 Series Device Support

<h2>Collection of Component include folders:</h2>
  .\RTE\_CtrBoard-H7_ALL
  D:\keil5_32\ARM\CMSIS\5.7.0\CMSIS\Core\Include

<h2>Collection of Component Files used:</h2>

   * Component: ARM::CMSIS:CORE:5.4.0
      Include file:  CMSIS\Core\Include\tz_context.h
Build Time Elapsed:  00:00:08
</pre>
</body>
</html>
